desktopautomationframework-chrome-5   | 15:24:34.481 INFO [NodeServer$1.start] - Starting registration process for Node http://172.18.0.7:5555
desktopautomationframework-chrome-5   | 15:24:34.494 INFO [NodeServer.execute] - Started Selenium node 4.9.1 (revision eb2032df7f): http://172.18.0.7:5555
desktopautomationframework-chrome-6   | 15:24:34.512 INFO [NodeServer$1.lambda$start$1] - Sending registration event...
desktopautomationframework-chrome-5   | 15:24:34.577 INFO [NodeServer$1.lambda$start$1] - Sending registration event...
desktopautomationframework-chrome-4   | 15:24:34.624 INFO [UnboundZmqEventBus.<init>] - Event bus ready
desktopautomationframework-chrome-9   | 2023-08-08 15:24:34,711 INFO success: xvfb entered RUNNING state, process has stayed up for > than 1 seconds (startsecs)
desktopautomationframework-chrome-9   | 2023-08-08 15:24:34,711 INFO success: vnc entered RUNNING state, process has stayed up for > than 1 seconds (startsecs)
desktopautomationframework-chrome-9   | 2023-08-08 15:24:34,711 INFO success: novnc entered RUNNING state, process has stayed up for > than 1 seconds (startsecs)
desktopautomationframework-chrome-2   | 2023-08-08 15:24:34,723 INFO spawned: 'xvfb' with pid 9
desktopautomationframework-chrome-2   | 2023-08-08 15:24:34,729 INFO spawned: 'vnc' with pid 10
desktopautomationframework-chrome-2   | 2023-08-08 15:24:34,735 INFO spawned: 'novnc' with pid 11
desktopautomationframework-chrome-2   | 2023-08-08 15:24:34,741 INFO spawned: 'selenium-node' with pid 12
desktopautomationframework-chrome-3   | 15:24:34.861 INFO [UnboundZmqEventBus.<init>] - Connecting to tcp://selenium-hub:4442 and tcp://selenium-hub:4443
desktopautomationframework-chrome-2   | 2023-08-08 15:24:34,883 INFO success: selenium-node entered RUNNING state, process has stayed up for > than 0 seconds (startsecs)
desktopautomationframework-chrome-7   | 15:24:35.075 INFO [NodeServer.createHandlers] - Reporting self as: http://172.18.0.9:5555
selenium-hub                          | 15:24:35.188 INFO [GridModel.setAvailability] - Switching Node 738cb3dc-9b9e-460f-8d9b-17ab87d4b201 (uri: http://172.18.0.4:5555) from DOWN to UP
selenium-hub                          | 15:24:35.188 INFO [LocalDistributor.add] - Added node 738cb3dc-9b9e-460f-8d9b-17ab87d4b201 at http://172.18.0.4:5555. Health check every 120s
selenium-hub                          | 15:24:35.224 INFO [Node.<init>] - Binding additional locator mechanisms: relative
desktopautomationframework-firefox-1  | 15:24:35.222 INFO [NodeServer.lambda$createHandlers$2] - Node has been added
desktopautomationframework-chrome-7   | 15:24:35.253 INFO [NodeOptions.getSessionFactories] - Detected 12 available processors
desktopautomationframework-chrome-4   | 15:24:35.363 INFO [NodeServer.createHandlers] - Reporting self as: http://172.18.0.10:5555
desktopautomationframework-chrome-2   | Generating Selenium Config
desktopautomationframework-chrome-2   | Configuring server...
desktopautomationframework-chrome-2   | Setting up SE_NODE_HOST...
desktopautomationframework-chrome-2   | Setting up SE_NODE_PORT...
desktopautomationframework-chrome-2   | Setting up SE_NODE_GRID_URL...
desktopautomationframework-chrome-3   | 15:24:35.443 INFO [UnboundZmqEventBus.<init>] - Sockets created
desktopautomationframework-chrome-4   | 15:24:35.470 INFO [NodeOptions.getSessionFactories] - Detected 12 available processors
desktopautomationframework-chrome-2   | Tracing is disabled
desktopautomationframework-chrome-2   | Selenium Grid Node configuration: 
desktopautomationframework-chrome-2   | [events]
desktopautomationframework-chrome-2   | publish = "tcp://selenium-hub:4442"
desktopautomationframework-chrome-2   | subscribe = "tcp://selenium-hub:4443"
desktopautomationframework-chrome-2   | 
desktopautomationframework-chrome-2   | [node]
desktopautomationframework-chrome-2   | session-timeout = "300"
desktopautomationframework-chrome-2   | override-max-sessions = false
desktopautomationframework-chrome-2   | detect-drivers = false
desktopautomationframework-chrome-2   | drain-after-session-count = 0
desktopautomationframework-chrome-2   | max-sessions = 1
desktopautomationframework-chrome-2   | 
desktopautomationframework-chrome-2   | [[node.driver-configuration]]
desktopautomationframework-chrome-2   | display-name = "chrome"
desktopautomationframework-chrome-2   | stereotype = '{"browserName": "chrome", "browserVersion": "115.0", "platformName": "Linux"}'
desktopautomationframework-chrome-2   | max-sessions = 1
desktopautomationframework-chrome-2   | 
desktopautomationframework-chrome-2   | 
desktopautomationframework-chrome-2   | Starting Selenium Grid Node...
desktopautomationframework-chrome-7   | 15:24:35.593 INFO [NodeOptions.report] - Adding chrome for {"browserName": "chrome","browserVersion": "115.0","platformName": "linux","se:noVncPort": 7900,"se:vncEnabled": true} 1 times (Host)
desktopautomationframework-chrome-8   | 15:24:35.635 INFO [LoggingOptions.configureLogEncoding] - Using the system default encoding
desktopautomationframework-chrome-8   | 15:24:35.654 INFO [OpenTelemetryTracer.createTracer] - Using OpenTelemetry for tracing
desktopautomationframework-chrome-7   | 15:24:35.677 INFO [Node.<init>] - Binding additional locator mechanisms: relative
desktopautomationframework-chrome-4   | 15:24:35.709 INFO [NodeOptions.report] - Adding chrome for {"browserName": "chrome","browserVersion": "115.0","platformName": "linux","se:noVncPort": 7900,"se:vncEnabled": true} 1 times (Host)
desktopautomationframework-chrome-4   | 15:24:35.761 INFO [Node.<init>] - Binding additional locator mechanisms: relative
desktopautomationframework-chrome-2   | 2023-08-08 15:24:35,929 INFO success: xvfb entered RUNNING state, process has stayed up for > than 1 seconds (startsecs)
desktopautomationframework-chrome-2   | 2023-08-08 15:24:35,931 INFO success: vnc entered RUNNING state, process has stayed up for > than 1 seconds (startsecs)
desktopautomationframework-chrome-2   | 2023-08-08 15:24:35,933 INFO success: novnc entered RUNNING state, process has stayed up for > than 1 seconds (startsecs)
desktopautomationframework-chrome-9   | 15:24:36.344 INFO [LoggingOptions.configureLogEncoding] - Using the system default encoding
desktopautomationframework-chrome-9   | 15:24:36.390 INFO [OpenTelemetryTracer.createTracer] - Using OpenTelemetry for tracing
desktopautomationframework-chrome-7   | 15:24:36.532 INFO [NodeServer$1.start] - Starting registration process for Node http://172.18.0.9:5555
desktopautomationframework-chrome-7   | 15:24:36.540 INFO [NodeServer.execute] - Started Selenium node 4.9.1 (revision eb2032df7f): http://172.18.0.9:5555
desktopautomationframework-chrome-8   | 15:24:36.570 INFO [UnboundZmqEventBus.<init>] - Connecting to tcp://selenium-hub:4442 and tcp://selenium-hub:4443
desktopautomationframework-chrome-4   | 15:24:36.585 INFO [NodeServer$1.start] - Starting registration process for Node http://172.18.0.10:5555
desktopautomationframework-chrome-4   | 15:24:36.599 INFO [NodeServer.execute] - Started Selenium node 4.9.1 (revision eb2032df7f): http://172.18.0.10:5555
desktopautomationframework-chrome-7   | 15:24:36.594 INFO [NodeServer$1.lambda$start$1] - Sending registration event...
desktopautomationframework-chrome-4   | 15:24:36.687 INFO [NodeServer$1.lambda$start$1] - Sending registration event...
desktopautomationframework-chrome-8   | 15:24:36.933 INFO [UnboundZmqEventBus.<init>] - Sockets created
desktopautomationframework-chrome-3   | 15:24:36.953 INFO [UnboundZmqEventBus.<init>] - Event bus ready
desktopautomationframework-chrome-9   | 15:24:37.012 INFO [UnboundZmqEventBus.<init>] - Connecting to tcp://selenium-hub:4442 and tcp://selenium-hub:4443
selenium-hub                          | 15:24:37.060 INFO [GridModel.setAvailability] - Switching Node 70bf88d6-7da9-4cb4-9654-7c38a5776ec2 (uri: http://172.18.0.5:5555) from DOWN to UP
selenium-hub                          | 15:24:37.063 INFO [LocalDistributor.add] - Added node 70bf88d6-7da9-4cb4-9654-7c38a5776ec2 at http://172.18.0.5:5555. Health check every 120s
selenium-hub                          | 15:24:37.085 INFO [Node.<init>] - Binding additional locator mechanisms: relative
desktopautomationframework-chrome-1   | 15:24:37.173 INFO [NodeServer.lambda$createHandlers$2] - Node has been added
desktopautomationframework-chrome-2   | 15:24:37.204 INFO [LoggingOptions.configureLogEncoding] - Using the system default encoding
desktopautomationframework-chrome-2   | 15:24:37.239 INFO [OpenTelemetryTracer.createTracer] - Using OpenTelemetry for tracing
desktopautomationframework-chrome-9   | 15:24:37.363 INFO [UnboundZmqEventBus.<init>] - Sockets created
desktopautomationframework-chrome-3   | 15:24:37.445 INFO [NodeServer.createHandlers] - Reporting self as: http://172.18.0.11:5555
desktopautomationframework-chrome-3   | 15:24:37.500 INFO [NodeOptions.getSessionFactories] - Detected 12 available processors
desktopautomationframework-chrome-3   | 15:24:37.724 INFO [NodeOptions.report] - Adding chrome for {"browserName": "chrome","browserVersion": "115.0","platformName": "linux","se:noVncPort": 7900,"se:vncEnabled": true} 1 times (Host)
desktopautomationframework-chrome-3   | 15:24:37.826 INFO [Node.<init>] - Binding additional locator mechanisms: relative
desktopautomationframework-chrome-2   | 15:24:37.839 INFO [UnboundZmqEventBus.<init>] - Connecting to tcp://selenium-hub:4442 and tcp://selenium-hub:4443
selenium-hub                          | 15:24:37.915 INFO [GridModel.setAvailability] - Switching Node cc920ed3-68e6-4ab8-bf56-31cb9b8445a1 (uri: http://172.18.0.6:5555) from DOWN to UP
selenium-hub                          | 15:24:37.925 INFO [LocalDistributor.add] - Added node cc920ed3-68e6-4ab8-bf56-31cb9b8445a1 at http://172.18.0.6:5555. Health check every 120s
selenium-hub                          | 15:24:37.938 INFO [Node.<init>] - Binding additional locator mechanisms: relative
desktopautomationframework-chrome-8   | 15:24:37.946 INFO [UnboundZmqEventBus.<init>] - Event bus ready
desktopautomationframework-chrome-10  | 15:24:38.065 INFO [NodeServer.lambda$createHandlers$2] - Node has been added
desktopautomationframework-chrome-2   | 15:24:38.149 INFO [UnboundZmqEventBus.<init>] - Sockets created
desktopautomationframework-chrome-9   | 15:24:38.370 INFO [UnboundZmqEventBus.<init>] - Event bus ready
desktopautomationframework-chrome-8   | 15:24:38.375 INFO [NodeServer.createHandlers] - Reporting self as: http://172.18.0.12:5555
desktopautomationframework-chrome-8   | 15:24:38.423 INFO [NodeOptions.getSessionFactories] - Detected 12 available processors
desktopautomationframework-chrome-3   | 15:24:38.488 INFO [NodeServer$1.start] - Starting registration process for Node http://172.18.0.11:5555
desktopautomationframework-chrome-3   | 15:24:38.490 INFO [NodeServer.execute] - Started Selenium node 4.9.1 (revision eb2032df7f): http://172.18.0.11:5555
selenium-hub                          | 15:24:38.500 INFO [GridModel.setAvailability] - Switching Node 09118a25-b378-40cf-aa2e-ce6973a888cb (uri: http://172.18.0.8:5555) from DOWN to UP
selenium-hub                          | 15:24:38.501 INFO [LocalDistributor.add] - Added node 09118a25-b378-40cf-aa2e-ce6973a888cb at http://172.18.0.8:5555. Health check every 120s
desktopautomationframework-chrome-6   | 15:24:38.530 INFO [NodeServer.lambda$createHandlers$2] - Node has been added
selenium-hub                          | 15:24:38.505 INFO [Node.<init>] - Binding additional locator mechanisms: relative
desktopautomationframework-chrome-3   | 15:24:38.537 INFO [NodeServer$1.lambda$start$1] - Sending registration event...
desktopautomationframework-chrome-8   | 15:24:38.611 INFO [NodeOptions.report] - Adding chrome for {"browserName": "chrome","browserVersion": "115.0","platformName": "linux","se:noVncPort": 7900,"se:vncEnabled": true} 1 times (Host)
desktopautomationframework-chrome-8   | 15:24:38.656 INFO [Node.<init>] - Binding additional locator mechanisms: relative
desktopautomationframework-chrome-9   | 15:24:38.749 INFO [NodeServer.createHandlers] - Reporting self as: http://172.18.0.13:5555
desktopautomationframework-chrome-9   | 15:24:38.820 INFO [NodeOptions.getSessionFactories] - Detected 12 available processors
desktopautomationframework-chrome-9   | 15:24:38.963 INFO [NodeOptions.report] - Adding chrome for {"browserName": "chrome","browserVersion": "115.0","platformName": "linux","se:noVncPort": 7900,"se:vncEnabled": true} 1 times (Host)
desktopautomationframework-chrome-9   | 15:24:39.029 INFO [Node.<init>] - Binding additional locator mechanisms: relative
selenium-hub                          | 15:24:39.152 INFO [GridModel.setAvailability] - Switching Node 6a3f5c9d-7b73-4dee-a119-f9f0b9b593a6 (uri: http://172.18.0.7:5555) from DOWN to UP
selenium-hub                          | 15:24:39.152 INFO [LocalDistributor.add] - Added node 6a3f5c9d-7b73-4dee-a119-f9f0b9b593a6 at http://172.18.0.7:5555. Health check every 120s
desktopautomationframework-chrome-2   | 15:24:39.172 INFO [UnboundZmqEventBus.<init>] - Event bus ready
selenium-hub                          | 15:24:39.184 INFO [Node.<init>] - Binding additional locator mechanisms: relative
desktopautomationframework-chrome-5   | 15:24:39.186 INFO [NodeServer.lambda$createHandlers$2] - Node has been added
desktopautomationframework-chrome-8   | 15:24:39.302 INFO [NodeServer$1.start] - Starting registration process for Node http://172.18.0.12:5555
desktopautomationframework-chrome-8   | 15:24:39.307 INFO [NodeServer.execute] - Started Selenium node 4.9.1 (revision eb2032df7f): http://172.18.0.12:5555
desktopautomationframework-chrome-8   | 15:24:39.366 INFO [NodeServer$1.lambda$start$1] - Sending registration event...
desktopautomationframework-chrome-2   | 15:24:39.590 INFO [NodeServer.createHandlers] - Reporting self as: http://172.18.0.14:5555
desktopautomationframework-chrome-2   | 15:24:39.636 INFO [NodeOptions.getSessionFactories] - Detected 12 available processors
desktopautomationframework-chrome-9   | 15:24:39.697 INFO [NodeServer$1.start] - Starting registration process for Node http://172.18.0.13:5555
desktopautomationframework-chrome-9   | 15:24:39.700 INFO [NodeServer.execute] - Started Selenium node 4.9.1 (revision eb2032df7f): http://172.18.0.13:5555
selenium-hub                          | 15:24:39.728 INFO [GridModel.setAvailability] - Switching Node 92d511f2-084d-40c1-b9db-e233e376e7dc (uri: http://172.18.0.9:5555) from DOWN to UP
selenium-hub                          | 15:24:39.729 INFO [LocalDistributor.add] - Added node 92d511f2-084d-40c1-b9db-e233e376e7dc at http://172.18.0.9:5555. Health check every 120s
selenium-hub                          | 15:24:39.738 INFO [Node.<init>] - Binding additional locator mechanisms: relative
desktopautomationframework-chrome-7   | 15:24:39.744 INFO [NodeServer.lambda$createHandlers$2] - Node has been added
desktopautomationframework-chrome-9   | 15:24:39.733 INFO [NodeServer$1.lambda$start$1] - Sending registration event...
desktopautomationframework-chrome-2   | 15:24:39.782 INFO [NodeOptions.report] - Adding chrome for {"browserName": "chrome","browserVersion": "115.0","platformName": "linux","se:noVncPort": 7900,"se:vncEnabled": true} 1 times (Host)
desktopautomationframework-chrome-2   | 15:24:39.844 INFO [Node.<init>] - Binding additional locator mechanisms: relative
selenium-hub                          | 15:24:40.143 INFO [GridModel.setAvailability] - Switching Node 5630fbce-c7d2-4c87-a5c5-38321f8c7bc7 (uri: http://172.18.0.10:5555) from DOWN to UP
selenium-hub                          | 15:24:40.143 INFO [LocalDistributor.add] - Added node 5630fbce-c7d2-4c87-a5c5-38321f8c7bc7 at http://172.18.0.10:5555. Health check every 120s
selenium-hub                          | 15:24:40.145 INFO [Node.<init>] - Binding additional locator mechanisms: relative
desktopautomationframework-chrome-4   | 15:24:40.153 INFO [NodeServer.lambda$createHandlers$2] - Node has been added
desktopautomationframework-chrome-2   | 15:24:40.292 INFO [NodeServer$1.start] - Starting registration process for Node http://172.18.0.14:5555
desktopautomationframework-chrome-2   | 15:24:40.294 INFO [NodeServer.execute] - Started Selenium node 4.9.1 (revision eb2032df7f): http://172.18.0.14:5555
desktopautomationframework-chrome-2   | 15:24:40.320 INFO [NodeServer$1.lambda$start$1] - Sending registration event...
selenium-hub                          | 15:24:40.465 INFO [GridModel.setAvailability] - Switching Node e2f76586-b628-4f85-b1bf-d7f0a657f40f (uri: http://172.18.0.11:5555) from DOWN to UP
selenium-hub                          | 15:24:40.465 INFO [LocalDistributor.add] - Added node e2f76586-b628-4f85-b1bf-d7f0a657f40f at http://172.18.0.11:5555. Health check every 120s
selenium-hub                          | 15:24:40.468 INFO [Node.<init>] - Binding additional locator mechanisms: relative
desktopautomationframework-chrome-3   | 15:24:40.478 INFO [NodeServer.lambda$createHandlers$2] - Node has been added
selenium-hub                          | 15:24:40.516 INFO [LocalDistributor.newSession] - Session request received by the Distributor: 
selenium-hub                          |  [Capabilities {browserName: chrome}]
selenium-hub                          | 15:24:40.516 INFO [LocalDistributor.newSession] - Session request received by the Distributor: 
selenium-hub                          |  [Capabilities {browserName: chrome}]
selenium-hub                          | 15:24:40.517 INFO [LocalDistributor.newSession] - Session request received by the Distributor: 
selenium-hub                          |  [Capabilities {browserName: chrome}]
selenium-hub                          | 15:24:40.516 INFO [LocalDistributor.newSession] - Session request received by the Distributor: 
selenium-hub                          |  [Capabilities {browserName: chrome}]
selenium-hub                          | 15:24:40.517 INFO [LocalDistributor.newSession] - Session request received by the Distributor: 
selenium-hub                          |  [Capabilities {browserName: chrome}]
selenium-hub                          | 15:24:40.524 INFO [LocalDistributor.newSession] - Session request received by the Distributor: 
selenium-hub                          |  [Capabilities {browserName: chrome}]
selenium-hub                          | 15:24:40.525 INFO [LocalDistributor.newSession] - Session request received by the Distributor: 
selenium-hub                          |  [Capabilities {browserName: chrome}]
selenium-hub                          | 15:24:40.963 INFO [GridModel.setAvailability] - Switching Node b273b228-90e1-4d31-9ffd-b9ce255d16f7 (uri: http://172.18.0.12:5555) from DOWN to UP
selenium-hub                          | 15:24:40.965 INFO [LocalDistributor.add] - Added node b273b228-90e1-4d31-9ffd-b9ce255d16f7 at http://172.18.0.12:5555. Health check every 120s
selenium-hub                          | 15:24:40.967 INFO [Node.<init>] - Binding additional locator mechanisms: relative
desktopautomationframework-chrome-8   | 15:24:40.975 INFO [NodeServer.lambda$createHandlers$2] - Node has been added
selenium-hub                          | 15:24:41.203 INFO [GridModel.setAvailability] - Switching Node 6175f7a8-ed73-42e3-bf29-6ee0b3a1aa6d (uri: http://172.18.0.13:5555) from DOWN to UP
selenium-hub                          | 15:24:41.204 INFO [LocalDistributor.add] - Added node 6175f7a8-ed73-42e3-bf29-6ee0b3a1aa6d at http://172.18.0.13:5555. Health check every 120s
selenium-hub                          | 15:24:41.205 INFO [Node.<init>] - Binding additional locator mechanisms: relative
desktopautomationframework-chrome-9   | 15:24:41.207 INFO [NodeServer.lambda$createHandlers$2] - Node has been added
selenium-hub                          | 15:24:41.457 INFO [GridModel.setAvailability] - Switching Node f68e0862-eb52-4dea-ad3e-5e8463d435f7 (uri: http://172.18.0.14:5555) from DOWN to UP
selenium-hub                          | 15:24:41.458 INFO [LocalDistributor.add] - Added node f68e0862-eb52-4dea-ad3e-5e8463d435f7 at http://172.18.0.14:5555. Health check every 120s
selenium-hub                          | 15:24:41.465 INFO [LocalDistributor.newSession] - Session request received by the Distributor: 
selenium-hub                          |  [Capabilities {browserName: chrome}]
selenium-hub                          | 15:24:41.465 INFO [LocalDistributor.newSession] - Session request received by the Distributor: 
selenium-hub                          |  [Capabilities {browserName: chrome}]
selenium-hub                          | 15:24:41.475 INFO [LocalDistributor.newSession] - Session request received by the Distributor: 
selenium-hub                          |  [Capabilities {browserName: chrome}]
desktopautomationframework-chrome-2   | 15:24:41.477 INFO [NodeServer.lambda$createHandlers$2] - Node has been added
desktopautomationframework-chrome-2   | Starting ChromeDriver 114.0.5735.90 (386bc09e8f4f2e025eddae123f36f6263096ae49-refs/branch-heads/5735@{#1052}) on port 12704
desktopautomationframework-chrome-2   | Only local connections are allowed.
desktopautomationframework-chrome-2   | Please see https://chromedriver.chromium.org/security-considerations for suggestions on keeping ChromeDriver safe.
desktopautomationframework-chrome-4   | Starting ChromeDriver 114.0.5735.90 (386bc09e8f4f2e025eddae123f36f6263096ae49-refs/branch-heads/5735@{#1052}) on port 22563
desktopautomationframework-chrome-4   | Only local connections are allowed.
desktopautomationframework-chrome-8   | Starting ChromeDriver 114.0.5735.90 (386bc09e8f4f2e025eddae123f36f6263096ae49-refs/branch-heads/5735@{#1052}) on port 28415
desktopautomationframework-chrome-9   | Starting ChromeDriver 114.0.5735.90 (386bc09e8f4f2e025eddae123f36f6263096ae49-refs/branch-heads/5735@{#1052}) on port 2636
desktopautomationframework-chrome-4   | Please see https://chromedriver.chromium.org/security-considerations for suggestions on keeping ChromeDriver safe.
desktopautomationframework-chrome-8   | Only local connections are allowed.
desktopautomationframework-chrome-8   | Please see https://chromedriver.chromium.org/security-considerations for suggestions on keeping ChromeDriver safe.
desktopautomationframework-chrome-9   | Only local connections are allowed.
desktopautomationframework-chrome-9   | Please see https://chromedriver.chromium.org/security-considerations for suggestions on keeping ChromeDriver safe.
desktopautomationframework-chrome-10  | Starting ChromeDriver 114.0.5735.90 (386bc09e8f4f2e025eddae123f36f6263096ae49-refs/branch-heads/5735@{#1052}) on port 25621
desktopautomationframework-chrome-10  | Only local connections are allowed.
desktopautomationframework-chrome-10  | Please see https://chromedriver.chromium.org/security-considerations for suggestions on keeping ChromeDriver safe.
desktopautomationframework-chrome-5   | Starting ChromeDriver 114.0.5735.90 (386bc09e8f4f2e025eddae123f36f6263096ae49-refs/branch-heads/5735@{#1052}) on port 20473
desktopautomationframework-chrome-5   | Only local connections are allowed.
desktopautomationframework-chrome-7   | Starting ChromeDriver 114.0.5735.90 (386bc09e8f4f2e025eddae123f36f6263096ae49-refs/branch-heads/5735@{#1052}) on port 4034
desktopautomationframework-chrome-7   | Only local connections are allowed.
desktopautomationframework-chrome-7   | Please see https://chromedriver.chromium.org/security-considerations for suggestions on keeping ChromeDriver safe.
desktopautomationframework-chrome-5   | Please see https://chromedriver.chromium.org/security-considerations for suggestions on keeping ChromeDriver safe.
desktopautomationframework-chrome-7   | ChromeDriver was started successfully.
desktopautomationframework-chrome-4   | [1691508282.398][SEVERE]: bind() failed: Cannot assign requested address (99)
desktopautomationframework-chrome-2   | [1691508282.400][SEVERE]: bind() failed: Cannot assign requested address (99)
desktopautomationframework-chrome-2   | ChromeDriver was started successfully.
desktopautomationframework-chrome-10  | ChromeDriver was started successfully.
desktopautomationframework-chrome-4   | ChromeDriver was started successfully.
desktopautomationframework-chrome-9   | [1691508282.404][SEVERE]: bind() failed: Cannot assign requested address (99)
desktopautomationframework-chrome-3   | Starting ChromeDriver 114.0.5735.90 (386bc09e8f4f2e025eddae123f36f6263096ae49-refs/branch-heads/5735@{#1052}) on port 20016
desktopautomationframework-chrome-3   | Only local connections are allowed.
desktopautomationframework-chrome-3   | Please see https://chromedriver.chromium.org/security-considerations for suggestions on keeping ChromeDriver safe.
desktopautomationframework-chrome-3   | ChromeDriver was started successfully.
desktopautomationframework-chrome-5   | ChromeDriver was started successfully.
desktopautomationframework-chrome-7   | [1691508282.399][SEVERE]: bind() failed: Cannot assign requested address (99)
desktopautomationframework-chrome-9   | ChromeDriver was started successfully.
desktopautomationframework-chrome-10  | [1691508282.401][SEVERE]: bind() failed: Cannot assign requested address (99)
desktopautomationframework-chrome-8   | ChromeDriver was started successfully.
desktopautomationframework-chrome-5   | [1691508282.400][SEVERE]: bind() failed: Cannot assign requested address (99)
desktopautomationframework-chrome-3   | [1691508282.414][SEVERE]: bind() failed: Cannot assign requested address (99)
desktopautomationframework-chrome-8   | [1691508282.429][SEVERE]: bind() failed: Cannot assign requested address (99)
desktopautomationframework-chrome-1   | Starting ChromeDriver 114.0.5735.90 (386bc09e8f4f2e025eddae123f36f6263096ae49-refs/branch-heads/5735@{#1052}) on port 24605
desktopautomationframework-chrome-1   | Only local connections are allowed.
desktopautomationframework-chrome-1   | Please see https://chromedriver.chromium.org/security-considerations for suggestions on keeping ChromeDriver safe.
desktopautomationframework-chrome-1   | ChromeDriver was started successfully.
desktopautomationframework-chrome-1   | [1691508282.615][SEVERE]: bind() failed: Cannot assign requested address (99)
desktopautomationframework-chrome-6   | Starting ChromeDriver 114.0.5735.90 (386bc09e8f4f2e025eddae123f36f6263096ae49-refs/branch-heads/5735@{#1052}) on port 26820
desktopautomationframework-chrome-6   | Only local connections are allowed.
desktopautomationframework-chrome-6   | Please see https://chromedriver.chromium.org/security-considerations for suggestions on keeping ChromeDriver safe.
desktopautomationframework-chrome-6   | ChromeDriver was started successfully.
desktopautomationframework-chrome-6   | [1691508282.740][SEVERE]: bind() failed: Cannot assign requested address (99)
desktopautomationframework-chrome-7   | [1691508289.374][WARNING]: This version of ChromeDriver has not been tested with Chrome version 115.
desktopautomationframework-chrome-5   | [1691508289.371][WARNING]: This version of ChromeDriver has not been tested with Chrome version 115.
desktopautomationframework-chrome-9   | [1691508289.381][WARNING]: This version of ChromeDriver has not been tested with Chrome version 115.
desktopautomationframework-chrome-6   | [1691508289.392][WARNING]: This version of ChromeDriver has not been tested with Chrome version 115.
desktopautomationframework-chrome-2   | [1691508289.396][WARNING]: This version of ChromeDriver has not been tested with Chrome version 115.
desktopautomationframework-chrome-1   | [1691508289.461][WARNING]: This version of ChromeDriver has not been tested with Chrome version 115.
desktopautomationframework-chrome-4   | [1691508289.478][WARNING]: This version of ChromeDriver has not been tested with Chrome version 115.
desktopautomationframework-chrome-3   | [1691508289.630][WARNING]: This version of ChromeDriver has not been tested with Chrome version 115.
desktopautomationframework-chrome-10  | [1691508289.685][WARNING]: This version of ChromeDriver has not been tested with Chrome version 115.
desktopautomationframework-chrome-8   | [1691508289.966][WARNING]: This version of ChromeDriver has not been tested with Chrome version 115.
desktopautomationframework-chrome-2   | 15:24:50.993 INFO [LocalNode.newSession] - Session created by the Node. Id: feceaa93cbcddb5995689f21a63b49a1, Caps: Capabilities {acceptInsecureCerts: false, browserName: chrome, browserVersion: 115.0.5790.3, chrome: {chromedriverVersion: 114.0.5735.90 (386bc09e8f4f..., userDataDir: /tmp/.com.google.Chrome.hIOycQ}, goog:chromeOptions: {debuggerAddress: localhost:46795}, networkConnectionEnabled: false, pageLoadStrategy: normal, platformName: linux, proxy: Proxy(), se:cdp: http://localhost:46795, se:cdpVersion: 115.0.5790.3, se:vncEnabled: true, se:vncLocalAddress: ws://172.18.0.14:7900, setWindowRect: true, strictFileInteractability: false, timeouts: {implicit: 0, pageLoad: 300000, script: 30000}, unhandledPromptBehavior: dismiss and notify, webauthn:extension:credBlob: true, webauthn:extension:largeBlob: true, webauthn:extension:minPinLength: true, webauthn:extension:prf: true, webauthn:virtualAuthenticators: true}
desktopautomationframework-chrome-1   | 15:24:51.003 INFO [LocalNode.newSession] - Session created by the Node. Id: 07646c361ccdcfebbe05b65fdaf665a7, Caps: Capabilities {acceptInsecureCerts: false, browserName: chrome, browserVersion: 115.0.5790.3, chrome: {chromedriverVersion: 114.0.5735.90 (386bc09e8f4f..., userDataDir: /tmp/.com.google.Chrome.dtdVPC}, goog:chromeOptions: {debuggerAddress: localhost:43493}, networkConnectionEnabled: false, pageLoadStrategy: normal, platformName: linux, proxy: Proxy(), se:cdp: http://localhost:43493, se:cdpVersion: 115.0.5790.3, se:vncEnabled: true, se:vncLocalAddress: ws://172.18.0.5:7900, setWindowRect: true, strictFileInteractability: false, timeouts: {implicit: 0, pageLoad: 300000, script: 30000}, unhandledPromptBehavior: dismiss and notify, webauthn:extension:credBlob: true, webauthn:extension:largeBlob: true, webauthn:extension:minPinLength: true, webauthn:extension:prf: true, webauthn:virtualAuthenticators: true}
desktopautomationframework-chrome-6   | 15:24:51.052 INFO [LocalNode.newSession] - Session created by the Node. Id: ca0b2c1a78de9d6b97fc48c05164096d, Caps: Capabilities {acceptInsecureCerts: false, browserName: chrome, browserVersion: 115.0.5790.3, chrome: {chromedriverVersion: 114.0.5735.90 (386bc09e8f4f..., userDataDir: /tmp/.com.google.Chrome.VTtxHJ}, goog:chromeOptions: {debuggerAddress: localhost:40065}, networkConnectionEnabled: false, pageLoadStrategy: normal, platformName: linux, proxy: Proxy(), se:cdp: http://localhost:40065, se:cdpVersion: 115.0.5790.3, se:vncEnabled: true, se:vncLocalAddress: ws://172.18.0.8:7900, setWindowRect: true, strictFileInteractability: false, timeouts: {implicit: 0, pageLoad: 300000, script: 30000}, unhandledPromptBehavior: dismiss and notify, webauthn:extension:credBlob: true, webauthn:extension:largeBlob: true, webauthn:extension:minPinLength: true, webauthn:extension:prf: true, webauthn:virtualAuthenticators: true}
desktopautomationframework-chrome-5   | 15:24:51.149 INFO [LocalNode.newSession] - Session created by the Node. Id: d5a0245a3c5864af04895fb907760b16, Caps: Capabilities {acceptInsecureCerts: false, browserName: chrome, browserVersion: 115.0.5790.3, chrome: {chromedriverVersion: 114.0.5735.90 (386bc09e8f4f..., userDataDir: /tmp/.com.google.Chrome.j8JH42}, goog:chromeOptions: {debuggerAddress: localhost:41469}, networkConnectionEnabled: false, pageLoadStrategy: normal, platformName: linux, proxy: Proxy(), se:cdp: http://localhost:41469, se:cdpVersion: 115.0.5790.3, se:vncEnabled: true, se:vncLocalAddress: ws://172.18.0.7:7900, setWindowRect: true, strictFileInteractability: false, timeouts: {implicit: 0, pageLoad: 300000, script: 30000}, unhandledPromptBehavior: dismiss and notify, webauthn:extension:credBlob: true, webauthn:extension:largeBlob: true, webauthn:extension:minPinLength: true, webauthn:extension:prf: true, webauthn:virtualAuthenticators: true}
selenium-hub                          | 15:24:51.229 INFO [LocalDistributor.newSession] - Session created by the Distributor. Id: feceaa93cbcddb5995689f21a63b49a1 
selenium-hub                          |  Caps: Capabilities {acceptInsecureCerts: false, browserName: chrome, browserVersion: 115.0.5790.3, chrome: {chromedriverVersion: 114.0.5735.90 (386bc09e8f4f..., userDataDir: /tmp/.com.google.Chrome.hIOycQ}, goog:chromeOptions: {debuggerAddress: localhost:46795}, networkConnectionEnabled: false, pageLoadStrategy: normal, platformName: linux, proxy: {}, se:bidiEnabled: false, se:cdp: ws://172.18.0.14:4444/sessi..., se:cdpVersion: 115.0.5790.3, se:vnc: ws://172.18.0.14:4444/sessi..., se:vncEnabled: true, se:vncLocalAddress: ws://172.18.0.14:7900, setWindowRect: true, strictFileInteractability: false, timeouts: {implicit: 0, pageLoad: 300000, script: 30000}, unhandledPromptBehavior: dismiss and notify, webauthn:extension:credBlob: true, webauthn:extension:largeBlob: true, webauthn:extension:minPinLength: true, webauthn:extension:prf: true, webauthn:virtualAuthenticators: true}
selenium-hub                          | 15:24:51.232 INFO [LocalDistributor.newSession] - Session created by the Distributor. Id: 07646c361ccdcfebbe05b65fdaf665a7 
selenium-hub                          |  Caps: Capabilities {acceptInsecureCerts: false, browserName: chrome, browserVersion: 115.0.5790.3, chrome: {chromedriverVersion: 114.0.5735.90 (386bc09e8f4f..., userDataDir: /tmp/.com.google.Chrome.dtdVPC}, goog:chromeOptions: {debuggerAddress: localhost:43493}, networkConnectionEnabled: false, pageLoadStrategy: normal, platformName: linux, proxy: {}, se:bidiEnabled: false, se:cdp: ws://172.18.0.5:4444/sessio..., se:cdpVersion: 115.0.5790.3, se:vnc: ws://172.18.0.5:4444/sessio..., se:vncEnabled: true, se:vncLocalAddress: ws://172.18.0.5:7900, setWindowRect: true, strictFileInteractability: false, timeouts: {implicit: 0, pageLoad: 300000, script: 30000}, unhandledPromptBehavior: dismiss and notify, webauthn:extension:credBlob: true, webauthn:extension:largeBlob: true, webauthn:extension:minPinLength: true, webauthn:extension:prf: true, webauthn:virtualAuthenticators: true}
selenium-hub                          | 15:24:51.246 INFO [LocalDistributor.newSession] - Session created by the Distributor. Id: ca0b2c1a78de9d6b97fc48c05164096d 
selenium-hub                          |  Caps: Capabilities {acceptInsecureCerts: false, browserName: chrome, browserVersion: 115.0.5790.3, chrome: {chromedriverVersion: 114.0.5735.90 (386bc09e8f4f..., userDataDir: /tmp/.com.google.Chrome.VTtxHJ}, goog:chromeOptions: {debuggerAddress: localhost:40065}, networkConnectionEnabled: false, pageLoadStrategy: normal, platformName: linux, proxy: {}, se:bidiEnabled: false, se:cdp: ws://172.18.0.8:4444/sessio..., se:cdpVersion: 115.0.5790.3, se:vnc: ws://172.18.0.8:4444/sessio..., se:vncEnabled: true, se:vncLocalAddress: ws://172.18.0.8:7900, setWindowRect: true, strictFileInteractability: false, timeouts: {implicit: 0, pageLoad: 300000, script: 30000}, unhandledPromptBehavior: dismiss and notify, webauthn:extension:credBlob: true, webauthn:extension:largeBlob: true, webauthn:extension:minPinLength: true, webauthn:extension:prf: true, webauthn:virtualAuthenticators: true}
desktopautomationframework-chrome-4   | 15:24:51.247 INFO [LocalNode.newSession] - Session created by the Node. Id: b54ae8cd1a08bae75e814928caf3b548, Caps: Capabilities {acceptInsecureCerts: false, browserName: chrome, browserVersion: 115.0.5790.3, chrome: {chromedriverVersion: 114.0.5735.90 (386bc09e8f4f..., userDataDir: /tmp/.com.google.Chrome.GafiIj}, goog:chromeOptions: {debuggerAddress: localhost:45343}, networkConnectionEnabled: false, pageLoadStrategy: normal, platformName: linux, proxy: Proxy(), se:cdp: http://localhost:45343, se:cdpVersion: 115.0.5790.3, se:vncEnabled: true, se:vncLocalAddress: ws://172.18.0.10:7900, setWindowRect: true, strictFileInteractability: false, timeouts: {implicit: 0, pageLoad: 300000, script: 30000}, unhandledPromptBehavior: dismiss and notify, webauthn:extension:credBlob: true, webauthn:extension:largeBlob: true, webauthn:extension:minPinLength: true, webauthn:extension:prf: true, webauthn:virtualAuthenticators: true}
desktopautomationframework-chrome-8   | 15:24:51.287 INFO [LocalNode.newSession] - Session created by the Node. Id: daa36d02fbc09f32708f3717bb58323b, Caps: Capabilities {acceptInsecureCerts: false, browserName: chrome, browserVersion: 115.0.5790.3, chrome: {chromedriverVersion: 114.0.5735.90 (386bc09e8f4f..., userDataDir: /tmp/.com.google.Chrome.zzJCsF}, goog:chromeOptions: {debuggerAddress: localhost:46343}, networkConnectionEnabled: false, pageLoadStrategy: normal, platformName: linux, proxy: Proxy(), se:cdp: http://localhost:46343, se:cdpVersion: 115.0.5790.3, se:vncEnabled: true, se:vncLocalAddress: ws://172.18.0.12:7900, setWindowRect: true, strictFileInteractability: false, timeouts: {implicit: 0, pageLoad: 300000, script: 30000}, unhandledPromptBehavior: dismiss and notify, webauthn:extension:credBlob: true, webauthn:extension:largeBlob: true, webauthn:extension:minPinLength: true, webauthn:extension:prf: true, webauthn:virtualAuthenticators: true}
desktopautomationframework-chrome-9   | 15:24:51.324 INFO [LocalNode.newSession] - Session created by the Node. Id: 6f214a60796377ad025af34e0f9c6afd, Caps: Capabilities {acceptInsecureCerts: false, browserName: chrome, browserVersion: 115.0.5790.3, chrome: {chromedriverVersion: 114.0.5735.90 (386bc09e8f4f..., userDataDir: /tmp/.com.google.Chrome.bOcOTE}, goog:chromeOptions: {debuggerAddress: localhost:35315}, networkConnectionEnabled: false, pageLoadStrategy: normal, platformName: linux, proxy: Proxy(), se:cdp: http://localhost:35315, se:cdpVersion: 115.0.5790.3, se:vncEnabled: true, se:vncLocalAddress: ws://172.18.0.13:7900, setWindowRect: true, strictFileInteractability: false, timeouts: {implicit: 0, pageLoad: 300000, script: 30000}, unhandledPromptBehavior: dismiss and notify, webauthn:extension:credBlob: true, webauthn:extension:largeBlob: true, webauthn:extension:minPinLength: true, webauthn:extension:prf: true, webauthn:virtualAuthenticators: true}
desktopautomationframework-chrome-7   | 15:24:51.333 INFO [LocalNode.newSession] - Session created by the Node. Id: 176e733123ecad04e68d961e97453ee3, Caps: Capabilities {acceptInsecureCerts: false, browserName: chrome, browserVersion: 115.0.5790.3, chrome: {chromedriverVersion: 114.0.5735.90 (386bc09e8f4f..., userDataDir: /tmp/.com.google.Chrome.Hcicqb}, goog:chromeOptions: {debuggerAddress: localhost:40605}, networkConnectionEnabled: false, pageLoadStrategy: normal, platformName: linux, proxy: Proxy(), se:cdp: http://localhost:40605, se:cdpVersion: 115.0.5790.3, se:vncEnabled: true, se:vncLocalAddress: ws://172.18.0.9:7900, setWindowRect: true, strictFileInteractability: false, timeouts: {implicit: 0, pageLoad: 300000, script: 30000}, unhandledPromptBehavior: dismiss and notify, webauthn:extension:credBlob: true, webauthn:extension:largeBlob: true, webauthn:extension:minPinLength: true, webauthn:extension:prf: true, webauthn:virtualAuthenticators: true}
selenium-hub                          | 15:24:51.442 INFO [LocalDistributor.newSession] - Session created by the Distributor. Id: d5a0245a3c5864af04895fb907760b16 
selenium-hub                          |  Caps: Capabilities {acceptInsecureCerts: false, browserName: chrome, browserVersion: 115.0.5790.3, chrome: {chromedriverVersion: 114.0.5735.90 (386bc09e8f4f..., userDataDir: /tmp/.com.google.Chrome.j8JH42}, goog:chromeOptions: {debuggerAddress: localhost:41469}, networkConnectionEnabled: false, pageLoadStrategy: normal, platformName: linux, proxy: {}, se:bidiEnabled: false, se:cdp: ws://172.18.0.7:4444/sessio..., se:cdpVersion: 115.0.5790.3, se:vnc: ws://172.18.0.7:4444/sessio..., se:vncEnabled: true, se:vncLocalAddress: ws://172.18.0.7:7900, setWindowRect: true, strictFileInteractability: false, timeouts: {implicit: 0, pageLoad: 300000, script: 30000}, unhandledPromptBehavior: dismiss and notify, webauthn:extension:credBlob: true, webauthn:extension:largeBlob: true, webauthn:extension:minPinLength: true, webauthn:extension:prf: true, webauthn:virtualAuthenticators: true}
desktopautomationframework-chrome-3   | 15:24:51.451 INFO [LocalNode.newSession] - Session created by the Node. Id: 223559112b71a46468bde77996ff276c, Caps: Capabilities {acceptInsecureCerts: false, browserName: chrome, browserVersion: 115.0.5790.3, chrome: {chromedriverVersion: 114.0.5735.90 (386bc09e8f4f..., userDataDir: /tmp/.com.google.Chrome.XGXsBT}, goog:chromeOptions: {debuggerAddress: localhost:34573}, networkConnectionEnabled: false, pageLoadStrategy: normal, platformName: linux, proxy: Proxy(), se:cdp: http://localhost:34573, se:cdpVersion: 115.0.5790.3, se:vncEnabled: true, se:vncLocalAddress: ws://172.18.0.11:7900, setWindowRect: true, strictFileInteractability: false, timeouts: {implicit: 0, pageLoad: 300000, script: 30000}, unhandledPromptBehavior: dismiss and notify, webauthn:extension:credBlob: true, webauthn:extension:largeBlob: true, webauthn:extension:minPinLength: true, webauthn:extension:prf: true, webauthn:virtualAuthenticators: true}
selenium-hub                          | 15:24:51.519 INFO [LocalDistributor.newSession] - Session created by the Distributor. Id: b54ae8cd1a08bae75e814928caf3b548 
selenium-hub                          |  Caps: Capabilities {acceptInsecureCerts: false, browserName: chrome, browserVersion: 115.0.5790.3, chrome: {chromedriverVersion: 114.0.5735.90 (386bc09e8f4f..., userDataDir: /tmp/.com.google.Chrome.GafiIj}, goog:chromeOptions: {debuggerAddress: localhost:45343}, networkConnectionEnabled: false, pageLoadStrategy: normal, platformName: linux, proxy: {}, se:bidiEnabled: false, se:cdp: ws://172.18.0.10:4444/sessi..., se:cdpVersion: 115.0.5790.3, se:vnc: ws://172.18.0.10:4444/sessi..., se:vncEnabled: true, se:vncLocalAddress: ws://172.18.0.10:7900, setWindowRect: true, strictFileInteractability: false, timeouts: {implicit: 0, pageLoad: 300000, script: 30000}, unhandledPromptBehavior: dismiss and notify, webauthn:extension:credBlob: true, webauthn:extension:largeBlob: true, webauthn:extension:minPinLength: true, webauthn:extension:prf: true, webauthn:virtualAuthenticators: true}
selenium-hub                          | 15:24:51.554 INFO [LocalDistributor.newSession] - Session created by the Distributor. Id: 176e733123ecad04e68d961e97453ee3 
selenium-hub                          |  Caps: Capabilities {acceptInsecureCerts: false, browserName: chrome, browserVersion: 115.0.5790.3, chrome: {chromedriverVersion: 114.0.5735.90 (386bc09e8f4f..., userDataDir: /tmp/.com.google.Chrome.Hcicqb}, goog:chromeOptions: {debuggerAddress: localhost:40605}, networkConnectionEnabled: false, pageLoadStrategy: normal, platformName: linux, proxy: {}, se:bidiEnabled: false, se:cdp: ws://172.18.0.9:4444/sessio..., se:cdpVersion: 115.0.5790.3, se:vnc: ws://172.18.0.9:4444/sessio..., se:vncEnabled: true, se:vncLocalAddress: ws://172.18.0.9:7900, setWindowRect: true, strictFileInteractability: false, timeouts: {implicit: 0, pageLoad: 300000, script: 30000}, unhandledPromptBehavior: dismiss and notify, webauthn:extension:credBlob: true, webauthn:extension:largeBlob: true, webauthn:extension:minPinLength: true, webauthn:extension:prf: true, webauthn:virtualAuthenticators: true}
selenium-hub                          | 15:24:51.568 INFO [LocalDistributor.newSession] - Session created by the Distributor. Id: daa36d02fbc09f32708f3717bb58323b 
selenium-hub                          |  Caps: Capabilities {acceptInsecureCerts: false, browserName: chrome, browserVersion: 115.0.5790.3, chrome: {chromedriverVersion: 114.0.5735.90 (386bc09e8f4f..., userDataDir: /tmp/.com.google.Chrome.zzJCsF}, goog:chromeOptions: {debuggerAddress: localhost:46343}, networkConnectionEnabled: false, pageLoadStrategy: normal, platformName: linux, proxy: {}, se:bidiEnabled: false, se:cdp: ws://172.18.0.12:4444/sessi..., se:cdpVersion: 115.0.5790.3, se:vnc: ws://172.18.0.12:4444/sessi..., se:vncEnabled: true, se:vncLocalAddress: ws://172.18.0.12:7900, setWindowRect: true, strictFileInteractability: false, timeouts: {implicit: 0, pageLoad: 300000, script: 30000}, unhandledPromptBehavior: dismiss and notify, webauthn:extension:credBlob: true, webauthn:extension:largeBlob: true, webauthn:extension:minPinLength: true, webauthn:extension:prf: true, webauthn:virtualAuthenticators: true}
selenium-hub                          | 15:24:51.585 INFO [LocalDistributor.newSession] - Session created by the Distributor. Id: 6f214a60796377ad025af34e0f9c6afd 
selenium-hub                          |  Caps: Capabilities {acceptInsecureCerts: false, browserName: chrome, browserVersion: 115.0.5790.3, chrome: {chromedriverVersion: 114.0.5735.90 (386bc09e8f4f..., userDataDir: /tmp/.com.google.Chrome.bOcOTE}, goog:chromeOptions: {debuggerAddress: localhost:35315}, networkConnectionEnabled: false, pageLoadStrategy: normal, platformName: linux, proxy: {}, se:bidiEnabled: false, se:cdp: ws://172.18.0.13:4444/sessi..., se:cdpVersion: 115.0.5790.3, se:vnc: ws://172.18.0.13:4444/sessi..., se:vncEnabled: true, se:vncLocalAddress: ws://172.18.0.13:7900, setWindowRect: true, strictFileInteractability: false, timeouts: {implicit: 0, pageLoad: 300000, script: 30000}, unhandledPromptBehavior: dismiss and notify, webauthn:extension:credBlob: true, webauthn:extension:largeBlob: true, webauthn:extension:minPinLength: true, webauthn:extension:prf: true, webauthn:virtualAuthenticators: true}
selenium-hub                          | 15:24:51.614 INFO [LocalDistributor.newSession] - Session created by the Distributor. Id: 223559112b71a46468bde77996ff276c 
selenium-hub                          |  Caps: Capabilities {acceptInsecureCerts: false, browserName: chrome, browserVersion: 115.0.5790.3, chrome: {chromedriverVersion: 114.0.5735.90 (386bc09e8f4f..., userDataDir: /tmp/.com.google.Chrome.XGXsBT}, goog:chromeOptions: {debuggerAddress: localhost:34573}, networkConnectionEnabled: false, pageLoadStrategy: normal, platformName: linux, proxy: {}, se:bidiEnabled: false, se:cdp: ws://172.18.0.11:4444/sessi..., se:cdpVersion: 115.0.5790.3, se:vnc: ws://172.18.0.11:4444/sessi..., se:vncEnabled: true, se:vncLocalAddress: ws://172.18.0.11:7900, setWindowRect: true, strictFileInteractability: false, timeouts: {implicit: 0, pageLoad: 300000, script: 30000}, unhandledPromptBehavior: dismiss and notify, webauthn:extension:credBlob: true, webauthn:extension:largeBlob: true, webauthn:extension:minPinLength: true, webauthn:extension:prf: true, webauthn:virtualAuthenticators: true}
desktopautomationframework-chrome-10  | 15:24:51.660 INFO [LocalNode.newSession] - Session created by the Node. Id: a922360a2fc86e417eae4ab474ba67c0, Caps: Capabilities {acceptInsecureCerts: false, browserName: chrome, browserVersion: 115.0.5790.3, chrome: {chromedriverVersion: 114.0.5735.90 (386bc09e8f4f..., userDataDir: /tmp/.com.google.Chrome.1Cx4RI}, goog:chromeOptions: {debuggerAddress: localhost:42037}, networkConnectionEnabled: false, pageLoadStrategy: normal, platformName: linux, proxy: Proxy(), se:cdp: http://localhost:42037, se:cdpVersion: 115.0.5790.3, se:vncEnabled: true, se:vncLocalAddress: ws://172.18.0.6:7900, setWindowRect: true, strictFileInteractability: false, timeouts: {implicit: 0, pageLoad: 300000, script: 30000}, unhandledPromptBehavior: dismiss and notify, webauthn:extension:credBlob: true, webauthn:extension:largeBlob: true, webauthn:extension:minPinLength: true, webauthn:extension:prf: true, webauthn:virtualAuthenticators: true}
selenium-hub                          | 15:24:51.716 INFO [LocalDistributor.newSession] - Session created by the Distributor. Id: a922360a2fc86e417eae4ab474ba67c0 
selenium-hub                          |  Caps: Capabilities {acceptInsecureCerts: false, browserName: chrome, browserVersion: 115.0.5790.3, chrome: {chromedriverVersion: 114.0.5735.90 (386bc09e8f4f..., userDataDir: /tmp/.com.google.Chrome.1Cx4RI}, goog:chromeOptions: {debuggerAddress: localhost:42037}, networkConnectionEnabled: false, pageLoadStrategy: normal, platformName: linux, proxy: {}, se:bidiEnabled: false, se:cdp: ws://172.18.0.6:4444/sessio..., se:cdpVersion: 115.0.5790.3, se:vnc: ws://172.18.0.6:4444/sessio..., se:vncEnabled: true, se:vncLocalAddress: ws://172.18.0.6:7900, setWindowRect: true, strictFileInteractability: false, timeouts: {implicit: 0, pageLoad: 300000, script: 30000}, unhandledPromptBehavior: dismiss and notify, webauthn:extension:credBlob: true, webauthn:extension:largeBlob: true, webauthn:extension:minPinLength: true, webauthn:extension:prf: true, webauthn:virtualAuthenticators: true}
desktopautomationframework-chrome-2   | 15:25:14.768 INFO [SessionSlot.stop] - Stopping session feceaa93cbcddb5995689f21a63b49a1
desktopautomationframework-chrome-9   | 15:25:14.945 INFO [SessionSlot.stop] - Stopping session 6f214a60796377ad025af34e0f9c6afd
selenium-hub                          | 15:25:15.101 INFO [GridModel.release] - Releasing slot for session id feceaa93cbcddb5995689f21a63b49a1
selenium-hub                          | 15:25:15.100 INFO [LocalSessionMap.lambda$new$0] - Deleted session from local Session Map, Id: feceaa93cbcddb5995689f21a63b49a1
selenium-hub                          | 15:25:15.159 INFO [LocalSessionMap.lambda$new$0] - Deleted session from local Session Map, Id: 6f214a60796377ad025af34e0f9c6afd
selenium-hub                          | 15:25:15.160 INFO [GridModel.release] - Releasing slot for session id 6f214a60796377ad025af34e0f9c6afd
desktopautomationframework-chrome-6   | 15:25:15.197 INFO [SessionSlot.stop] - Stopping session ca0b2c1a78de9d6b97fc48c05164096d
selenium-hub                          | 15:25:15.233 INFO [GridModel.release] - Releasing slot for session id ca0b2c1a78de9d6b97fc48c05164096d
