desktopautomationframework-chrome-1   | Please see https://chromedriver.chromium.org/security-considerations for suggestions on keeping ChromeDriver safe.
desktopautomationframework-chrome-1   | ChromeDriver was started successfully.
desktopautomationframework-chrome-1   | [1690676080.098][SEVERE]: bind() failed: Cannot assign requested address (99)
desktopautomationframework-chrome-3   | Please see https://chromedriver.chromium.org/security-considerations for suggestions on keeping ChromeDriver safe.
desktopautomationframework-chrome-3   | [Ch1r6o9m0e6D7r6i0v8e0r. 0w8a8s] [sStEaVrEtReEd] :s ubcicneds(s)f uflaliyl.e
desktopautomationframework-chrome-3   | d: Cannot assign requested address (99)
desktopautomationframework-chrome-4   | Starting ChromeDriver 114.0.5735.90 (386bc09e8f4f2e025eddae123f36f6263096ae49-refs/branch-heads/5735@{#1052}) on port 20292
desktopautomationframework-chrome-4   | Only local connections are allowed.
desktopautomationframework-chrome-4   | Please see https://chromedriver.chromium.org/security-considerations for suggestions on keeping ChromeDriver safe.
desktopautomationframework-chrome-8   | Starting ChromeDriver 114.0.5735.90 (386bc09e8f4f2e025eddae123f36f6263096ae49-refs/branch-heads/5735@{#1052}) on port 20761
desktopautomationframework-chrome-8   | Only local connections are allowed.
desktopautomationframework-chrome-8   | Please see https://chromedriver.chromium.org/security-considerations for suggestions on keepin[1690676080.118][SEVERE]: bind() f
desktopautomationframework-chrome-8   | ailed: Cannot assign requested address (99)
desktopautomationframework-chrome-4   | ChromeDriver was started successfully.
desktopautomationframework-chrome-4   | [1690676080.130][SEVERE]: bind() failed: Cannot assign requested address (99)
desktopautomationframework-chrome-8   | g ChromeDriver safe.
desktopautomationframework-chrome-8   | ChromeDriver was started successfully.
desktopautomationframework-chrome-10  | Starting ChromeDriver 114.0.5735.90 (386bc09e8f4f2e025eddae123f36f6263096ae49-refs/branch-heads/5735@{#1052}) on port 20906
desktopautomationframework-chrome-10  | Only local connections are allowed.
desktopautomationframework-chrome-10  | Please see https://chromedriver.chromium.org/security-considerations for suggestions on keeping ChromeDriver safe.
desktopautomationframework-chrome-10  | ChromeDriver was started successfully.
desktopautomationframework-chrome-9   | Starting ChromeDriver 114.0.5735.90 (386bc09e8f4f2e025eddae123f36f6263096ae49-refs/branch-heads/5735@{#1052}) on port 14129
desktopautomationframework-chrome-9   | Only local connections are allowed.
desktopautomationframework-chrome-9   | Please see https://chromedriver.chromium.org/security-considerations for suggestions on keeping ChromeDriver safe.
desktopautomationframework-chrome-9   | ChromeDriver was started successfully.
desktopautomationframework-chrome-7   | Starting ChromeDriver 114.0.5735.90 (386bc09e8f4f2e025eddae123f36f6263096ae49-refs/branch-heads/5735@{#1052}) on port 29778
desktopautomationframework-chrome-7   | Only local connections are allowed.
desktopautomationframework-chrome-10  | [1690676080.172][SEVERE]: bind() failed: Cannot assign requested address (99)
desktopautomationframework-chrome-7   | Please see https://chromedriver.chromium.org/security-considerations for suggestions on keeping ChromeDriver safe.
desktopautomationframework-chrome-7   | ChromeDriver was started successfully.
desktopautomationframework-chrome-7   | [1690676080.166][SEVERE]: bind() failed: Cannot assign requested address (99)
desktopautomationframework-chrome-9   | [1690676080.153][SEVERE]: bind() failed: Cannot assign requested address (99)
desktopautomationframework-chrome-2   | [1690676080.195][SEVERE]: bind() failed: Cannot assign requested address (99)
desktopautomationframework-chrome-2   | Starting ChromeDriver 114.0.5735.90 (386bc09e8f4f2e025eddae123f36f6263096ae49-refs/branch-heads/5735@{#1052}) on port 31882
desktopautomationframework-chrome-2   | Only local connections are allowed.
desktopautomationframework-chrome-2   | Please see https://chromedriver.chromium.org/security-considerations for suggestions on keeping ChromeDriver safe.
desktopautomationframework-chrome-2   | ChromeDriver was started successfully.
desktopautomationframework-chrome-9   | [1690676083.113][WARNING]: This version of ChromeDriver has not been tested with Chrome version 115.
desktopautomationframework-chrome-4   | [1690676083.152][WARNING]: This version of ChromeDriver has not been tested with Chrome version 115.
desktopautomationframework-chrome-2   | [1690676083.190][WARNING]: This version of ChromeDriver has not been tested with Chrome version 115.
desktopautomationframework-chrome-7   | [1690676083.250][WARNING]: This version of ChromeDriver has not been tested with Chrome version 115.
desktopautomationframework-chrome-5   | [1690676083.263][WARNING]: This version of ChromeDriver has not been tested with Chrome version 115.
desktopautomationframework-chrome-6   | [1690676083.264][WARNING]: This version of ChromeDriver has not been tested with Chrome version 115.
desktopautomationframework-chrome-8   | [1690676083.346][WARNING]: This version of ChromeDriver has not been tested with Chrome version 115.
desktopautomationframework-chrome-1   | [1690676083.400][WARNING]: This version of ChromeDriver has not been tested with Chrome version 115.
desktopautomationframework-chrome-10  | [1690676083.393][WARNING]: This version of ChromeDriver has not been tested with Chrome version 115.
desktopautomationframework-chrome-3   | [1690676083.412][WARNING]: This version of ChromeDriver has not been tested with Chrome version 115.
desktopautomationframework-chrome-4   | 00:14:43.608 INFO [LocalNode.newSession] - Session created by the Node. Id: 8293e4b88a244866fb7192d64958956e, Caps: Capabilities {acceptInsecureCerts: false, browserName: chrome, browserVersion: 115.0.5790.3, chrome: {chromedriverVersion: 114.0.5735.90 (386bc09e8f4f..., userDataDir: /tmp/.com.google.Chrome.PeTzcT}, goog:chromeOptions: {debuggerAddress: localhost:36631}, networkConnectionEnabled: false, pageLoadStrategy: normal, platformName: linux, proxy: Proxy(), se:cdp: http://localhost:36631, se:cdpVersion: 115.0.5790.3, se:vncEnabled: true, se:vncLocalAddress: ws://192.168.240.9:7900, setWindowRect: true, strictFileInteractability: false, timeouts: {implicit: 0, pageLoad: 300000, script: 30000}, unhandledPromptBehavior: dismiss and notify, webauthn:extension:credBlob: true, webauthn:extension:largeBlob: true, webauthn:extension:minPinLength: true, webauthn:extension:prf: true, webauthn:virtualAuthenticators: true}
selenium-hub                          | 00:14:43.652 INFO [LocalDistributor.newSession] - Session created by the Distributor. Id: 8293e4b88a244866fb7192d64958956e 
selenium-hub                          |  Caps: Capabilities {acceptInsecureCerts: false, browserName: chrome, browserVersion: 115.0.5790.3, chrome: {chromedriverVersion: 114.0.5735.90 (386bc09e8f4f..., userDataDir: /tmp/.com.google.Chrome.PeTzcT}, goog:chromeOptions: {debuggerAddress: localhost:36631}, networkConnectionEnabled: false, pageLoadStrategy: normal, platformName: linux, proxy: {}, se:bidiEnabled: false, se:cdp: ws://192.168.240.9:4444/ses..., se:cdpVersion: 115.0.5790.3, se:vnc: ws://192.168.240.9:4444/ses..., se:vncEnabled: true, se:vncLocalAddress: ws://192.168.240.9:7900, setWindowRect: true, strictFileInteractability: false, timeouts: {implicit: 0, pageLoad: 300000, script: 30000}, unhandledPromptBehavior: dismiss and notify, webauthn:extension:credBlob: true, webauthn:extension:largeBlob: true, webauthn:extension:minPinLength: true, webauthn:extension:prf: true, webauthn:virtualAuthenticators: true}
desktopautomationframework-chrome-2   | 00:14:43.961 INFO [LocalNode.newSession] - Session created by the Node. Id: 1828bab118d468e423978838422f6bee, Caps: Capabilities {acceptInsecureCerts: false, browserName: chrome, browserVersion: 115.0.5790.3, chrome: {chromedriverVersion: 114.0.5735.90 (386bc09e8f4f..., userDataDir: /tmp/.com.google.Chrome.G5bP7y}, goog:chromeOptions: {debuggerAddress: localhost:40177}, networkConnectionEnabled: false, pageLoadStrategy: normal, platformName: linux, proxy: Proxy(), se:cdp: http://localhost:40177, se:cdpVersion: 115.0.5790.3, se:vncEnabled: true, se:vncLocalAddress: ws://192.168.240.11:7900, setWindowRect: true, strictFileInteractability: false, timeouts: {implicit: 0, pageLoad: 300000, script: 30000}, unhandledPromptBehavior: dismiss and notify, webauthn:extension:credBlob: true, webauthn:extension:largeBlob: true, webauthn:extension:minPinLength: true, webauthn:extension:prf: true, webauthn:virtualAuthenticators: true}
selenium-hub                          | 00:14:43.997 INFO [LocalDistributor.newSession] - Session created by the Distributor. Id: 1828bab118d468e423978838422f6bee 
selenium-hub                          |  Caps: Capabilities {acceptInsecureCerts: false, browserName: chrome, browserVersion: 115.0.5790.3, chrome: {chromedriverVersion: 114.0.5735.90 (386bc09e8f4f..., userDataDir: /tmp/.com.google.Chrome.G5bP7y}, goog:chromeOptions: {debuggerAddress: localhost:40177}, networkConnectionEnabled: false, pageLoadStrategy: normal, platformName: linux, proxy: {}, se:bidiEnabled: false, se:cdp: ws://192.168.240.11:4444/se..., se:cdpVersion: 115.0.5790.3, se:vnc: ws://192.168.240.11:4444/se..., se:vncEnabled: true, se:vncLocalAddress: ws://192.168.240.11:7900, setWindowRect: true, strictFileInteractability: false, timeouts: {implicit: 0, pageLoad: 300000, script: 30000}, unhandledPromptBehavior: dismiss and notify, webauthn:extension:credBlob: true, webauthn:extension:largeBlob: true, webauthn:extension:minPinLength: true, webauthn:extension:prf: true, webauthn:virtualAuthenticators: true}
desktopautomationframework-chrome-9   | 00:14:44.000 INFO [LocalNode.newSession] - Session created by the Node. Id: 2345a0c2cc4a0e0198a291f6ea2a54a6, Caps: Capabilities {acceptInsecureCerts: false, browserName: chrome, browserVersion: 115.0.5790.3, chrome: {chromedriverVersion: 114.0.5735.90 (386bc09e8f4f..., userDataDir: /tmp/.com.google.Chrome.Kj6XMT}, goog:chromeOptions: {debuggerAddress: localhost:45145}, networkConnectionEnabled: false, pageLoadStrategy: normal, platformName: linux, proxy: Proxy(), se:cdp: http://localhost:45145, se:cdpVersion: 115.0.5790.3, se:vncEnabled: true, se:vncLocalAddress: ws://192.168.240.8:7900, setWindowRect: true, strictFileInteractability: false, timeouts: {implicit: 0, pageLoad: 300000, script: 30000}, unhandledPromptBehavior: dismiss and notify, webauthn:extension:credBlob: true, webauthn:extension:largeBlob: true, webauthn:extension:minPinLength: true, webauthn:extension:prf: true, webauthn:virtualAuthenticators: true}
selenium-hub                          | 00:14:44.048 INFO [LocalDistributor.newSession] - Session created by the Distributor. Id: 2345a0c2cc4a0e0198a291f6ea2a54a6 
selenium-hub                          |  Caps: Capabilities {acceptInsecureCerts: false, browserName: chrome, browserVersion: 115.0.5790.3, chrome: {chromedriverVersion: 114.0.5735.90 (386bc09e8f4f..., userDataDir: /tmp/.com.google.Chrome.Kj6XMT}, goog:chromeOptions: {debuggerAddress: localhost:45145}, networkConnectionEnabled: false, pageLoadStrategy: normal, platformName: linux, proxy: {}, se:bidiEnabled: false, se:cdp: ws://192.168.240.8:4444/ses..., se:cdpVersion: 115.0.5790.3, se:vnc: ws://192.168.240.8:4444/ses..., se:vncEnabled: true, se:vncLocalAddress: ws://192.168.240.8:7900, setWindowRect: true, strictFileInteractability: false, timeouts: {implicit: 0, pageLoad: 300000, script: 30000}, unhandledPromptBehavior: dismiss and notify, webauthn:extension:credBlob: true, webauthn:extension:largeBlob: true, webauthn:extension:minPinLength: true, webauthn:extension:prf: true, webauthn:virtualAuthenticators: true}
desktopautomationframework-chrome-5   | 00:14:44.086 INFO [LocalNode.newSession] - Session created by the Node. Id: c5e1930b4ecdee48add4e4aa7c4f4543, Caps: Capabilities {acceptInsecureCerts: false, browserName: chrome, browserVersion: 115.0.5790.3, chrome: {chromedriverVersion: 114.0.5735.90 (386bc09e8f4f..., userDataDir: /tmp/.com.google.Chrome.WQYePs}, goog:chromeOptions: {debuggerAddress: localhost:38461}, networkConnectionEnabled: false, pageLoadStrategy: normal, platformName: linux, proxy: Proxy(), se:cdp: http://localhost:38461, se:cdpVersion: 115.0.5790.3, se:vncEnabled: true, se:vncLocalAddress: ws://192.168.240.13:7900, setWindowRect: true, strictFileInteractability: false, timeouts: {implicit: 0, pageLoad: 300000, script: 30000}, unhandledPromptBehavior: dismiss and notify, webauthn:extension:credBlob: true, webauthn:extension:largeBlob: true, webauthn:extension:minPinLength: true, webauthn:extension:prf: true, webauthn:virtualAuthenticators: true}
selenium-hub                          | 00:14:44.137 INFO [LocalDistributor.newSession] - Session created by the Distributor. Id: c5e1930b4ecdee48add4e4aa7c4f4543 
selenium-hub                          |  Caps: Capabilities {acceptInsecureCerts: false, browserName: chrome, browserVersion: 115.0.5790.3, chrome: {chromedriverVersion: 114.0.5735.90 (386bc09e8f4f..., userDataDir: /tmp/.com.google.Chrome.WQYePs}, goog:chromeOptions: {debuggerAddress: localhost:38461}, networkConnectionEnabled: false, pageLoadStrategy: normal, platformName: linux, proxy: {}, se:bidiEnabled: false, se:cdp: ws://192.168.240.13:4444/se..., se:cdpVersion: 115.0.5790.3, se:vnc: ws://192.168.240.13:4444/se..., se:vncEnabled: true, se:vncLocalAddress: ws://192.168.240.13:7900, setWindowRect: true, strictFileInteractability: false, timeouts: {implicit: 0, pageLoad: 300000, script: 30000}, unhandledPromptBehavior: dismiss and notify, webauthn:extension:credBlob: true, webauthn:extension:largeBlob: true, webauthn:extension:minPinLength: true, webauthn:extension:prf: true, webauthn:virtualAuthenticators: true}
desktopautomationframework-chrome-8   | 00:14:44.207 INFO [LocalNode.newSession] - Session created by the Node. Id: 5b99053673f21fc8345802263c678fa6, Caps: Capabilities {acceptInsecureCerts: false, browserName: chrome, browserVersion: 115.0.5790.3, chrome: {chromedriverVersion: 114.0.5735.90 (386bc09e8f4f..., userDataDir: /tmp/.com.google.Chrome.NJTABG}, goog:chromeOptions: {debuggerAddress: localhost:33647}, networkConnectionEnabled: false, pageLoadStrategy: normal, platformName: linux, proxy: Proxy(), se:cdp: http://localhost:33647, se:cdpVersion: 115.0.5790.3, se:vncEnabled: true, se:vncLocalAddress: ws://192.168.240.10:7900, setWindowRect: true, strictFileInteractability: false, timeouts: {implicit: 0, pageLoad: 300000, script: 30000}, unhandledPromptBehavior: dismiss and notify, webauthn:extension:credBlob: true, webauthn:extension:largeBlob: true, webauthn:extension:minPinLength: true, webauthn:extension:prf: true, webauthn:virtualAuthenticators: true}
desktopautomationframework-chrome-7   | 00:14:44.230 INFO [LocalNode.newSession] - Session created by the Node. Id: c8813b35c27155712c5ce9bfc73bbeb9, Caps: Capabilities {acceptInsecureCerts: false, browserName: chrome, browserVersion: 115.0.5790.3, chrome: {chromedriverVersion: 114.0.5735.90 (386bc09e8f4f..., userDataDir: /tmp/.com.google.Chrome.GT5VXs}, goog:chromeOptions: {debuggerAddress: localhost:41289}, networkConnectionEnabled: false, pageLoadStrategy: normal, platformName: linux, proxy: Proxy(), se:cdp: http://localhost:41289, se:cdpVersion: 115.0.5790.3, se:vncEnabled: true, se:vncLocalAddress: ws://192.168.240.14:7900, setWindowRect: true, strictFileInteractability: false, timeouts: {implicit: 0, pageLoad: 300000, script: 30000}, unhandledPromptBehavior: dismiss and notify, webauthn:extension:credBlob: true, webauthn:extension:largeBlob: true, webauthn:extension:minPinLength: true, webauthn:extension:prf: true, webauthn:virtualAuthenticators: true}
desktopautomationframework-chrome-10  | 00:14:44.219 INFO [LocalNode.newSession] - Session created by the Node. Id: f0474e04395bd84c0ec03dc979668115, Caps: Capabilities {acceptInsecureCerts: false, browserName: chrome, browserVersion: 115.0.5790.3, chrome: {chromedriverVersion: 114.0.5735.90 (386bc09e8f4f..., userDataDir: /tmp/.com.google.Chrome.3e7DHq}, goog:chromeOptions: {debuggerAddress: localhost:45653}, networkConnectionEnabled: false, pageLoadStrategy: normal, platformName: linux, proxy: Proxy(), se:cdp: http://localhost:45653, se:cdpVersion: 115.0.5790.3, se:vncEnabled: true, se:vncLocalAddress: ws://192.168.240.12:7900, setWindowRect: true, strictFileInteractability: false, timeouts: {implicit: 0, pageLoad: 300000, script: 30000}, unhandledPromptBehavior: dismiss and notify, webauthn:extension:credBlob: true, webauthn:extension:largeBlob: true, webauthn:extension:minPinLength: true, webauthn:extension:prf: true, webauthn:virtualAuthenticators: true}
desktopautomationframework-chrome-6   | 00:14:44.295 INFO [LocalNode.newSession] - Session created by the Node. Id: 33ccd665856e110062fe0db79fdf9020, Caps: Capabilities {acceptInsecureCerts: false, browserName: chrome, browserVersion: 115.0.5790.3, chrome: {chromedriverVersion: 114.0.5735.90 (386bc09e8f4f..., userDataDir: /tmp/.com.google.Chrome.2NC7fO}, goog:chromeOptions: {debuggerAddress: localhost:37131}, networkConnectionEnabled: false, pageLoadStrategy: normal, platformName: linux, proxy: Proxy(), se:cdp: http://localhost:37131, se:cdpVersion: 115.0.5790.3, se:vncEnabled: true, se:vncLocalAddress: ws://192.168.240.7:7900, setWindowRect: true, strictFileInteractability: false, timeouts: {implicit: 0, pageLoad: 300000, script: 30000}, unhandledPromptBehavior: dismiss and notify, webauthn:extension:credBlob: true, webauthn:extension:largeBlob: true, webauthn:extension:minPinLength: true, webauthn:extension:prf: true, webauthn:virtualAuthenticators: true}
selenium-hub                          | 00:14:44.312 INFO [LocalDistributor.newSession] - Session created by the Distributor. Id: f0474e04395bd84c0ec03dc979668115 
selenium-hub                          |  Caps: Capabilities {acceptInsecureCerts: false, browserName: chrome, browserVersion: 115.0.5790.3, chrome: {chromedriverVersion: 114.0.5735.90 (386bc09e8f4f..., userDataDir: /tmp/.com.google.Chrome.3e7DHq}, goog:chromeOptions: {debuggerAddress: localhost:45653}, networkConnectionEnabled: false, pageLoadStrategy: normal, platformName: linux, proxy: {}, se:bidiEnabled: false, se:cdp: ws://192.168.240.12:4444/se..., se:cdpVersion: 115.0.5790.3, se:vnc: ws://192.168.240.12:4444/se..., se:vncEnabled: true, se:vncLocalAddress: ws://192.168.240.12:7900, setWindowRect: true, strictFileInteractability: false, timeouts: {implicit: 0, pageLoad: 300000, script: 30000}, unhandledPromptBehavior: dismiss and notify, webauthn:extension:credBlob: true, webauthn:extension:largeBlob: true, webauthn:extension:minPinLength: true, webauthn:extension:prf: true, webauthn:virtualAuthenticators: true}
selenium-hub                          | 00:14:44.317 INFO [LocalDistributor.newSession] - Session created by the Distributor. Id: 5b99053673f21fc8345802263c678fa6 
selenium-hub                          |  Caps: Capabilities {acceptInsecureCerts: false, browserName: chrome, browserVersion: 115.0.5790.3, chrome: {chromedriverVersion: 114.0.5735.90 (386bc09e8f4f..., userDataDir: /tmp/.com.google.Chrome.NJTABG}, goog:chromeOptions: {debuggerAddress: localhost:33647}, networkConnectionEnabled: false, pageLoadStrategy: normal, platformName: linux, proxy: {}, se:bidiEnabled: false, se:cdp: ws://192.168.240.10:4444/se..., se:cdpVersion: 115.0.5790.3, se:vnc: ws://192.168.240.10:4444/se..., se:vncEnabled: true, se:vncLocalAddress: ws://192.168.240.10:7900, setWindowRect: true, strictFileInteractability: false, timeouts: {implicit: 0, pageLoad: 300000, script: 30000}, unhandledPromptBehavior: dismiss and notify, webauthn:extension:credBlob: true, webauthn:extension:largeBlob: true, webauthn:extension:minPinLength: true, webauthn:extension:prf: true, webauthn:virtualAuthenticators: true}
desktopautomationframework-chrome-3   | 00:14:44.330 INFO [LocalNode.newSession] - Session created by the Node. Id: 154d681702af1981da0c051bb61e0ef5, Caps: Capabilities {acceptInsecureCerts: false, browserName: chrome, browserVersion: 115.0.5790.3, chrome: {chromedriverVersion: 114.0.5735.90 (386bc09e8f4f..., userDataDir: /tmp/.com.google.Chrome.sk06NJ}, goog:chromeOptions: {debuggerAddress: localhost:46717}, networkConnectionEnabled: false, pageLoadStrategy: normal, platformName: linux, proxy: Proxy(), se:cdp: http://localhost:46717, se:cdpVersion: 115.0.5790.3, se:vncEnabled: true, se:vncLocalAddress: ws://192.168.240.6:7900, setWindowRect: true, strictFileInteractability: false, timeouts: {implicit: 0, pageLoad: 300000, script: 30000}, unhandledPromptBehavior: dismiss and notify, webauthn:extension:credBlob: true, webauthn:extension:largeBlob: true, webauthn:extension:minPinLength: true, webauthn:extension:prf: true, webauthn:virtualAuthenticators: true}
selenium-hub                          | 00:14:44.345 INFO [LocalDistributor.newSession] - Session created by the Distributor. Id: 33ccd665856e110062fe0db79fdf9020 
selenium-hub                          |  Caps: Capabilities {acceptInsecureCerts: false, browserName: chrome, browserVersion: 115.0.5790.3, chrome: {chromedriverVersion: 114.0.5735.90 (386bc09e8f4f..., userDataDir: /tmp/.com.google.Chrome.2NC7fO}, goog:chromeOptions: {debuggerAddress: localhost:37131}, networkConnectionEnabled: false, pageLoadStrategy: normal, platformName: linux, proxy: {}, se:bidiEnabled: false, se:cdp: ws://192.168.240.7:4444/ses..., se:cdpVersion: 115.0.5790.3, se:vnc: ws://192.168.240.7:4444/ses..., se:vncEnabled: true, se:vncLocalAddress: ws://192.168.240.7:7900, setWindowRect: true, strictFileInteractability: false, timeouts: {implicit: 0, pageLoad: 300000, script: 30000}, unhandledPromptBehavior: dismiss and notify, webauthn:extension:credBlob: true, webauthn:extension:largeBlob: true, webauthn:extension:minPinLength: true, webauthn:extension:prf: true, webauthn:virtualAuthenticators: true}
selenium-hub                          | 00:14:44.366 INFO [LocalDistributor.newSession] - Session created by the Distributor. Id: c8813b35c27155712c5ce9bfc73bbeb9 
selenium-hub                          |  Caps: Capabilities {acceptInsecureCerts: false, browserName: chrome, browserVersion: 115.0.5790.3, chrome: {chromedriverVersion: 114.0.5735.90 (386bc09e8f4f..., userDataDir: /tmp/.com.google.Chrome.GT5VXs}, goog:chromeOptions: {debuggerAddress: localhost:41289}, networkConnectionEnabled: false, pageLoadStrategy: normal, platformName: linux, proxy: {}, se:bidiEnabled: false, se:cdp: ws://192.168.240.14:4444/se..., se:cdpVersion: 115.0.5790.3, se:vnc: ws://192.168.240.14:4444/se..., se:vncEnabled: true, se:vncLocalAddress: ws://192.168.240.14:7900, setWindowRect: true, strictFileInteractability: false, timeouts: {implicit: 0, pageLoad: 300000, script: 30000}, unhandledPromptBehavior: dismiss and notify, webauthn:extension:credBlob: true, webauthn:extension:largeBlob: true, webauthn:extension:minPinLength: true, webauthn:extension:prf: true, webauthn:virtualAuthenticators: true}
desktopautomationframework-chrome-1   | 00:14:44.420 INFO [LocalNode.newSession] - Session created by the Node. Id: d654025680479e9b4a4283aeccffb45a, Caps: Capabilities {acceptInsecureCerts: false, browserName: chrome, browserVersion: 115.0.5790.3, chrome: {chromedriverVersion: 114.0.5735.90 (386bc09e8f4f..., userDataDir: /tmp/.com.google.Chrome.Oxb4JH}, goog:chromeOptions: {debuggerAddress: localhost:39701}, networkConnectionEnabled: false, pageLoadStrategy: normal, platformName: linux, proxy: Proxy(), se:cdp: http://localhost:39701, se:cdpVersion: 115.0.5790.3, se:vncEnabled: true, se:vncLocalAddress: ws://192.168.240.3:7900, setWindowRect: true, strictFileInteractability: false, timeouts: {implicit: 0, pageLoad: 300000, script: 30000}, unhandledPromptBehavior: dismiss and notify, webauthn:extension:credBlob: true, webauthn:extension:largeBlob: true, webauthn:extension:minPinLength: true, webauthn:extension:prf: true, webauthn:virtualAuthenticators: true}
selenium-hub                          | 00:14:44.435 INFO [LocalDistributor.newSession] - Session created by the Distributor. Id: 154d681702af1981da0c051bb61e0ef5 
selenium-hub                          |  Caps: Capabilities {acceptInsecureCerts: false, browserName: chrome, browserVersion: 115.0.5790.3, chrome: {chromedriverVersion: 114.0.5735.90 (386bc09e8f4f..., userDataDir: /tmp/.com.google.Chrome.sk06NJ}, goog:chromeOptions: {debuggerAddress: localhost:46717}, networkConnectionEnabled: false, pageLoadStrategy: normal, platformName: linux, proxy: {}, se:bidiEnabled: false, se:cdp: ws://192.168.240.6:4444/ses..., se:cdpVersion: 115.0.5790.3, se:vnc: ws://192.168.240.6:4444/ses..., se:vncEnabled: true, se:vncLocalAddress: ws://192.168.240.6:7900, setWindowRect: true, strictFileInteractability: false, timeouts: {implicit: 0, pageLoad: 300000, script: 30000}, unhandledPromptBehavior: dismiss and notify, webauthn:extension:credBlob: true, webauthn:extension:largeBlob: true, webauthn:extension:minPinLength: true, webauthn:extension:prf: true, webauthn:virtualAuthenticators: true}
selenium-hub                          | 00:14:44.555 INFO [LocalDistributor.newSession] - Session created by the Distributor. Id: d654025680479e9b4a4283aeccffb45a 
selenium-hub                          |  Caps: Capabilities {acceptInsecureCerts: false, browserName: chrome, browserVersion: 115.0.5790.3, chrome: {chromedriverVersion: 114.0.5735.90 (386bc09e8f4f..., userDataDir: /tmp/.com.google.Chrome.Oxb4JH}, goog:chromeOptions: {debuggerAddress: localhost:39701}, networkConnectionEnabled: false, pageLoadStrategy: normal, platformName: linux, proxy: {}, se:bidiEnabled: false, se:cdp: ws://192.168.240.3:4444/ses..., se:cdpVersion: 115.0.5790.3, se:vnc: ws://192.168.240.3:4444/ses..., se:vncEnabled: true, se:vncLocalAddress: ws://192.168.240.3:7900, setWindowRect: true, strictFileInteractability: false, timeouts: {implicit: 0, pageLoad: 300000, script: 30000}, unhandledPromptBehavior: dismiss and notify, webauthn:extension:credBlob: true, webauthn:extension:largeBlob: true, webauthn:extension:minPinLength: true, webauthn:extension:prf: true, webauthn:virtualAuthenticators: true}
desktopautomationframework-chrome-8   | 00:14:53.802 INFO [SessionSlot.stop] - Stopping session 5b99053673f21fc8345802263c678fa6
desktopautomationframework-chrome-10  | 00:14:53.802 INFO [SessionSlot.stop] - Stopping session f0474e04395bd84c0ec03dc979668115
selenium-hub                          | 00:14:53.813 INFO [GridModel.release] - Releasing slot for session id 5b99053673f21fc8345802263c678fa6
selenium-hub                          | 00:14:53.818 INFO [GridModel.release] - Releasing slot for session id f0474e04395bd84c0ec03dc979668115
selenium-hub                          | 00:14:53.817 INFO [LocalSessionMap.lambda$new$0] - Deleted session from local Session Map, Id: f0474e04395bd84c0ec03dc979668115
selenium-hub                          | 00:14:53.814 INFO [LocalSessionMap.lambda$new$0] - Deleted session from local Session Map, Id: 5b99053673f21fc8345802263c678fa6
desktopautomationframework-chrome-4   | 00:14:53.867 INFO [SessionSlot.stop] - Stopping session 8293e4b88a244866fb7192d64958956e
selenium-hub                          | 00:14:53.871 INFO [GridModel.release] - Releasing slot for session id 8293e4b88a244866fb7192d64958956e
selenium-hub                          | 00:14:53.871 INFO [LocalSessionMap.lambda$new$0] - Deleted session from local Session Map, Id: 8293e4b88a244866fb7192d64958956e
desktopautomationframework-chrome-3   | 00:14:54.908 INFO [SessionSlot.stop] - Stopping session 154d681702af1981da0c051bb61e0ef5
selenium-hub                          | 00:14:54.915 INFO [LocalSessionMap.lambda$new$0] - Deleted session from local Session Map, Id: 154d681702af1981da0c051bb61e0ef5
selenium-hub                          | 00:14:54.916 INFO [GridModel.release] - Releasing slot for session id 154d681702af1981da0c051bb61e0ef5
desktopautomationframework-chrome-5   | 00:14:55.446 INFO [SessionSlot.stop] - Stopping session c5e1930b4ecdee48add4e4aa7c4f4543
selenium-hub                          | 00:14:55.452 INFO [LocalSessionMap.lambda$new$0] - Deleted session from local Session Map, Id: c5e1930b4ecdee48add4e4aa7c4f4543
selenium-hub                          | 00:14:55.458 INFO [GridModel.release] - Releasing slot for session id c5e1930b4ecdee48add4e4aa7c4f4543
desktopautomationframework-chrome-9   | 00:15:21.937 INFO [SessionSlot.stop] - Stopping session 2345a0c2cc4a0e0198a291f6ea2a54a6
selenium-hub                          | 00:15:21.943 INFO [GridModel.release] - Releasing slot for session id 2345a0c2cc4a0e0198a291f6ea2a54a6
selenium-hub                          | 00:15:21.944 INFO [LocalSessionMap.lambda$new$0] - Deleted session from local Session Map, Id: 2345a0c2cc4a0e0198a291f6ea2a54a6
selenium-hub                          | 00:15:22.051 INFO [GridModel.release] - Releasing slot for session id 33ccd665856e110062fe0db79fdf9020
selenium-hub                          | 00:15:22.052 INFO [LocalSessionMap.lambda$new$0] - Deleted session from local Session Map, Id: 33ccd665856e110062fe0db79fdf9020
desktopautomationframework-chrome-6   | 00:15:22.044 INFO [SessionSlot.stop] - Stopping session 33ccd665856e110062fe0db79fdf9020
desktopautomationframework-chrome-2   | 00:15:22.552 INFO [SessionSlot.stop] - Stopping session 1828bab118d468e423978838422f6bee
selenium-hub                          | 00:15:22.559 INFO [GridModel.release] - Releasing slot for session id 1828bab118d468e423978838422f6bee
selenium-hub                          | 00:15:22.559 INFO [LocalSessionMap.lambda$new$0] - Deleted session from local Session Map, Id: 1828bab118d468e423978838422f6bee
desktopautomationframework-chrome-7   | 00:15:22.705 INFO [SessionSlot.stop] - Stopping session c8813b35c27155712c5ce9bfc73bbeb9
selenium-hub                          | 00:15:22.712 INFO [LocalSessionMap.lambda$new$0] - Deleted session from local Session Map, Id: c8813b35c27155712c5ce9bfc73bbeb9
selenium-hub                          | 00:15:22.713 INFO [GridModel.release] - Releasing slot for session id c8813b35c27155712c5ce9bfc73bbeb9
desktopautomationframework-chrome-1   | 00:15:22.808 INFO [SessionSlot.stop] - Stopping session d654025680479e9b4a4283aeccffb45a
selenium-hub                          | 00:15:22.824 INFO [GridModel.release] - Releasing slot for session id d654025680479e9b4a4283aeccffb45a
selenium-hub                          | 00:15:22.824 INFO [LocalSessionMap.lambda$new$0] - Deleted session from local Session Map, Id: d654025680479e9b4a4283aeccffb45a
desktopautomationframework-chrome-8   | Trapped SIGTERM/SIGINT/x so shutting down supervisord...
desktopautomationframework-chrome-4   | Trapped SIGTERM/SIGINT/x so shutting down supervisord...
desktopautomationframework-chrome-4   | 2023-07-30 00:15:24,923 WARN received SIGTERM indicating exit request
desktopautomationframework-chrome-4   | 2023-07-30 00:15:24,931 INFO waiting for xvfb, vnc, novnc, selenium-node to die
desktopautomationframework-chrome-6   | Trapped SIGTERM/SIGINT/x so shutting down supervisord...
desktopautomationframework-chrome-3   | Trapped SIGTERM/SIGINT/x so shutting down supervisord...
desktopautomationframework-chrome-10  | Trapped SIGTERM/SIGINT/x so shutting down supervisord...
desktopautomationframework-chrome-9   | Trapped SIGTERM/SIGINT/x so shutting down supervisord...
desktopautomationframework-chrome-9   | 2023-07-30 00:15:24,944 WARN received SIGTERM indicating exit request
desktopautomationframework-chrome-9   | 2023-07-30 00:15:24,945 INFO waiting for xvfb, vnc, novnc, selenium-node to die
desktopautomationframework-firefox-1  | Trapped SIGTERM/SIGINT/x so shutting down supervisord...
desktopautomationframework-chrome-5   | Trapped SIGTERM/SIGINT/x so shutting down supervisord...
desktopautomationframework-chrome-2   | Trapped SIGTERM/SIGINT/x so shutting down supervisord...
desktopautomationframework-edge-1     | Trapped SIGTERM/SIGINT/x so shutting down supervisord...
desktopautomationframework-chrome-3   | 2023-07-30 00:15:24,983 WARN received SIGTERM indicating exit request
desktopautomationframework-chrome-3   | 2023-07-30 00:15:24,984 INFO waiting for xvfb, vnc, novnc, selenium-node to die
desktopautomationframework-firefox-1  | 2023-07-30 00:15:25,022 WARN received SIGTERM indicating exit request
desktopautomationframework-firefox-1  | 2023-07-30 00:15:25,023 INFO waiting for xvfb, vnc, novnc, selenium-node to die
desktopautomationframework-chrome-1   | Trapped SIGTERM/SIGINT/x so shutting down supervisord...
desktopautomationframework-chrome-7   | Trapped SIGTERM/SIGINT/x so shutting down supervisord...
desktopautomationframework-chrome-6   | 2023-07-30 00:15:25,050 WARN received SIGTERM indicating exit request
desktopautomationframework-chrome-6   | 2023-07-30 00:15:25,052 INFO waiting for xvfb, vnc, novnc, selenium-node to die
desktopautomationframework-chrome-4   | 2023-07-30 00:15:25,274 INFO stopped: selenium-node (terminated by SIGTERM)
desktopautomationframework-chrome-9   | 2023-07-30 00:15:25,295 INFO stopped: selenium-node (terminated by SIGTERM)
desktopautomationframework-chrome-3   | 2023-07-30 00:15:25,320 INFO stopped: selenium-node (terminated by SIGTERM)
desktopautomationframework-edge-1     | 2023-07-30 00:15:25,359 WARN received SIGTERM indicating exit request
desktopautomationframework-edge-1     | 2023-07-30 00:15:25,361 INFO waiting for xvfb, vnc, novnc, selenium-node to die
desktopautomationframework-firefox-1  | 2023-07-30 00:15:25,383 INFO stopped: selenium-node (terminated by SIGTERM)
desktopautomationframework-chrome-6   | 2023-07-30 00:15:25,397 INFO stopped: selenium-node (terminated by SIGTERM)
desktopautomationframework-chrome-5   | 2023-07-30 00:15:25,490 WARN received SIGTERM indicating exit request
desktopautomationframework-chrome-5   | 2023-07-30 00:15:25,513 INFO waiting for xvfb, vnc, novnc, selenium-node to die
desktopautomationframework-chrome-2   | 2023-07-30 00:15:25,559 WARN received SIGTERM indicating exit request
desktopautomationframework-chrome-2   | 2023-07-30 00:15:25,561 INFO waiting for xvfb, vnc, novnc, selenium-node to die
desktopautomationframework-chrome-7   | 2023-07-30 00:15:25,711 WARN received SIGTERM indicating exit request
desktopautomationframework-edge-1     | 2023-07-30 00:15:25,709 INFO stopped: selenium-node (terminated by SIGTERM)
desktopautomationframework-chrome-7   | 2023-07-30 00:15:25,756 INFO waiting for xvfb, vnc, novnc, selenium-node to die
desktopautomationframework-chrome-1   | 2023-07-30 00:15:25,814 WARN received SIGTERM indicating exit request
desktopautomationframework-chrome-1   | 2023-07-30 00:15:25,817 INFO waiting for xvfb, vnc, novnc, selenium-node to die
desktopautomationframework-chrome-8   | 2023-07-30 00:15:25,869 WARN received SIGTERM indicating exit request
desktopautomationframework-chrome-8   | 2023-07-30 00:15:25,872 INFO waiting for xvfb, vnc, novnc, selenium-node to die
desktopautomationframework-chrome-5   | 2023-07-30 00:15:25,878 INFO stopped: selenium-node (terminated by SIGTERM)
desktopautomationframework-chrome-10  | 2023-07-30 00:15:25,888 WARN received SIGTERM indicating exit request
desktopautomationframework-chrome-10  | 2023-07-30 00:15:25,895 INFO waiting for xvfb, vnc, novnc, selenium-node to die
desktopautomationframework-chrome-2   | 2023-07-30 00:15:25,932 INFO stopped: selenium-node (terminated by SIGTERM)
desktopautomationframework-chrome-7   | 2023-07-30 00:15:26,089 INFO stopped: selenium-node (terminated by SIGTERM)
desktopautomationframework-chrome-1   | 2023-07-30 00:15:26,185 INFO stopped: selenium-node (terminated by SIGTERM)
desktopautomationframework-chrome-8   | 2023-07-30 00:15:26,254 INFO stopped: selenium-node (terminated by SIGTERM)
desktopautomationframework-chrome-4   | 2023-07-30 00:15:26,281 INFO stopped: novnc (terminated by SIGTERM)
desktopautomationframework-chrome-10  | 2023-07-30 00:15:26,286 INFO stopped: selenium-node (terminated by SIGTERM)
desktopautomationframework-chrome-9   | 2023-07-30 00:15:26,297 INFO stopped: novnc (terminated by SIGTERM)
desktopautomationframework-chrome-3   | 2023-07-30 00:15:26,323 INFO stopped: novnc (terminated by SIGTERM)
desktopautomationframework-firefox-1  | 2023-07-30 00:15:26,385 INFO stopped: novnc (terminated by SIGTERM)
desktopautomationframework-chrome-6   | 2023-07-30 00:15:26,399 INFO stopped: novnc (terminated by SIGTERM)
desktopautomationframework-edge-1     | 2023-07-30 00:15:26,712 INFO stopped: novnc (terminated by SIGTERM)
desktopautomationframework-chrome-5   | 2023-07-30 00:15:26,881 INFO stopped: novnc (terminated by SIGTERM)
desktopautomationframework-chrome-2   | 2023-07-30 00:15:26,934 INFO stopped: novnc (terminated by SIGTERM)
desktopautomationframework-chrome-7   | 2023-07-30 00:15:27,091 INFO stopped: novnc (terminated by SIGTERM)
desktopautomationframework-chrome-1   | 2023-07-30 00:15:27,190 INFO stopped: novnc (terminated by SIGTERM)
desktopautomationframework-chrome-8   | 2023-07-30 00:15:27,256 INFO stopped: novnc (terminated by SIGTERM)
desktopautomationframework-chrome-4   | 2023-07-30 00:15:27,284 INFO stopped: vnc (terminated by SIGTERM)
desktopautomationframework-chrome-10  | 2023-07-30 00:15:27,290 INFO stopped: novnc (terminated by SIGTERM)
desktopautomationframework-chrome-9   | 2023-07-30 00:15:27,300 INFO stopped: vnc (terminated by SIGTERM)
desktopautomationframework-chrome-3   | 2023-07-30 00:15:27,327 INFO stopped: vnc (terminated by SIGTERM)
desktopautomationframework-firefox-1  | 2023-07-30 00:15:27,387 INFO stopped: vnc (terminated by SIGTERM)
desktopautomationframework-chrome-6   | 2023-07-30 00:15:27,401 INFO stopped: vnc (terminated by SIGTERM)
desktopautomationframework-edge-1     | 2023-07-30 00:15:27,715 INFO stopped: vnc (terminated by SIGTERM)
desktopautomationframework-chrome-5   | 2023-07-30 00:15:27,883 INFO stopped: vnc (terminated by SIGTERM)
desktopautomationframework-chrome-2   | 2023-07-30 00:15:27,937 INFO stopped: vnc (terminated by SIGTERM)
desktopautomationframework-chrome-7   | 2023-07-30 00:15:28,093 INFO stopped: vnc (terminated by SIGTERM)
desktopautomationframework-chrome-1   | 2023-07-30 00:15:28,192 INFO stopped: vnc (terminated by SIGTERM)
desktopautomationframework-chrome-8   | 2023-07-30 00:15:28,259 INFO stopped: vnc (terminated by SIGTERM)
desktopautomationframework-chrome-10  | 2023-07-30 00:15:28,292 INFO stopped: vnc (terminated by SIGTERM)
desktopautomationframework-chrome-4   | 2023-07-30 00:15:28,286 INFO stopped: xvfb (terminated by SIGTERM)
desktopautomationframework-chrome-4   | Shutdown complete
desktopautomationframework-chrome-9   | 2023-07-30 00:15:28,303 INFO stopped: xvfb (terminated by SIGTERM)
desktopautomationframework-chrome-9   | Shutdown complete
desktopautomationframework-chrome-3   | 2023-07-30 00:15:28,329 INFO stopped: xvfb (terminated by SIGTERM)
desktopautomationframework-chrome-3   | Shutdown complete
desktopautomationframework-firefox-1  | 2023-07-30 00:15:28,388 INFO stopped: xvfb (terminated by SIGTERM)
desktopautomationframework-chrome-6   | 2023-07-30 00:15:28,403 INFO stopped: xvfb (terminated by SIGTERM)
desktopautomationframework-firefox-1  | Shutdown complete
desktopautomationframework-chrome-6   | Shutdown complete
desktopautomationframework-edge-1     | 2023-07-30 00:15:28,717 INFO stopped: xvfb (terminated by SIGTERM)
desktopautomationframework-edge-1     | Shutdown complete
desktopautomationframework-chrome-5   | 2023-07-30 00:15:28,885 INFO stopped: xvfb (terminated by SIGTERM)
desktopautomationframework-chrome-5   | Shutdown complete
desktopautomationframework-chrome-2   | 2023-07-30 00:15:28,940 INFO stopped: xvfb (terminated by SIGTERM)
desktopautomationframework-chrome-2   | Shutdown complete
desktopautomationframework-chrome-7   | 2023-07-30 00:15:29,096 INFO stopped: xvfb (terminated by SIGTERM)
desktopautomationframework-chrome-7   | Shutdown complete
desktopautomationframework-chrome-1   | 2023-07-30 00:15:29,195 INFO stopped: xvfb (terminated by SIGTERM)
desktopautomationframework-chrome-1   | Shutdown complete
desktopautomationframework-chrome-8   | 2023-07-30 00:15:29,261 INFO stopped: xvfb (terminated by SIGTERM)
desktopautomationframework-chrome-8   | Shutdown complete
desktopautomationframework-chrome-10  | 2023-07-30 00:15:29,294 INFO stopped: xvfb (terminated by SIGTERM)
desktopautomationframework-chrome-10  | Shutdown complete
desktopautomationframework-chrome-4 exited with code 0
desktopautomationframework-chrome-4 exited with code 143
desktopautomationframework-chrome-3 exited with code 0
desktopautomationframework-chrome-3 exited with code 143
desktopautomationframework-firefox-1 exited with code 0
desktopautomationframework-chrome-9 exited with code 0
desktopautomationframework-chrome-6 exited with code 0
desktopautomationframework-edge-1 exited with code 0
desktopautomationframework-chrome-7 exited with code 0
desktopautomationframework-chrome-2 exited with code 0
desktopautomationframework-chrome-2 exited with code 143
desktopautomationframework-chrome-5 exited with code 0
failed to get console mode for stdout: The handle is invalid.
[1A[1B[0G[?25l[+] Running 4/0
 [32m✔[0m Container selenium-hub                          [32mRunning[0m[34m0.0s [0m
 [32m✔[0m Container desktopautomationframework-firefox-1  [32mCreated[0m[34m0.1s [0m
 [32m✔[0m Container desktopautomationframework-chrome-1   [32mCreated[0m[34m0.0s [0m
 [32m✔[0m Container desktopautomationframework-edge-1     [32mCreated[0m[34m0.1s [0m
[?25hAttaching to desktopautomationframework-chrome-1, desktopautomationframework-edge-1, desktopautomationframework-firefox-1, selenium-hub
desktopautomationframework-edge-1     | 2023-07-30 00:20:09,745 INFO Included extra file "/etc/supervisor/conf.d/selenium.conf" during parsing
desktopautomationframework-edge-1     | 2023-07-30 00:20:09,749 INFO RPC interface 'supervisor' initialized
desktopautomationframework-edge-1     | 2023-07-30 00:20:09,749 CRIT Server 'unix_http_server' running without any HTTP authentication checking
desktopautomationframework-edge-1     | 2023-07-30 00:20:09,749 INFO supervisord started with pid 8
desktopautomationframework-chrome-1   | 2023-07-30 00:20:09,742 INFO Included extra file "/etc/supervisor/conf.d/selenium.conf" during parsing
desktopautomationframework-chrome-1   | 2023-07-30 00:20:09,747 INFO RPC interface 'supervisor' initialized
desktopautomationframework-chrome-1   | 2023-07-30 00:20:09,747 CRIT Server 'unix_http_server' running without any HTTP authentication checking
desktopautomationframework-chrome-1   | 2023-07-30 00:20:09,747 INFO supervisord started with pid 8
desktopautomationframework-firefox-1  | 2023-07-30 00:20:09,855 INFO Included extra file "/etc/supervisor/conf.d/selenium.conf" during parsing
desktopautomationframework-firefox-1  | 2023-07-30 00:20:09,858 INFO RPC interface 'supervisor' initialized
desktopautomationframework-firefox-1  | 2023-07-30 00:20:09,859 CRIT Server 'unix_http_server' running without any HTTP authentication checking
desktopautomationframework-firefox-1  | 2023-07-30 00:20:09,859 INFO supervisord started with pid 9
desktopautomationframework-chrome-1   | 2023-07-30 00:20:10,751 INFO spawned: 'xvfb' with pid 10
desktopautomationframework-chrome-1   | 2023-07-30 00:20:10,753 INFO spawned: 'vnc' with pid 11
desktopautomationframework-chrome-1   | 2023-07-30 00:20:10,755 INFO spawned: 'novnc' with pid 12
desktopautomationframework-edge-1     | 2023-07-30 00:20:10,753 INFO spawned: 'xvfb' with pid 10
desktopautomationframework-edge-1     | 2023-07-30 00:20:10,756 INFO spawned: 'vnc' with pid 11
desktopautomationframework-edge-1     | 2023-07-30 00:20:10,767 INFO spawned: 'novnc' with pid 13
desktopautomationframework-edge-1     | 2023-07-30 00:20:10,770 INFO spawned: 'selenium-node' with pid 15
desktopautomationframework-chrome-1   | 2023-07-30 00:20:10,759 INFO spawned: 'selenium-node' with pid 13
desktopautomationframework-edge-1     | 2023-07-30 00:20:10,790 INFO success: selenium-node entered RUNNING state, process has stayed up for > than 0 seconds (startsecs)
desktopautomationframework-chrome-1   | 2023-07-30 00:20:10,794 INFO success: selenium-node entered RUNNING state, process has stayed up for > than 0 seconds (startsecs)
desktopautomationframework-firefox-1  | 2023-07-30 00:20:10,863 INFO spawned: 'xvfb' with pid 11
desktopautomationframework-firefox-1  | 2023-07-30 00:20:10,866 INFO spawned: 'vnc' with pid 12
desktopautomationframework-firefox-1  | 2023-07-30 00:20:10,869 INFO spawned: 'novnc' with pid 13
desktopautomationframework-firefox-1  | 2023-07-30 00:20:10,883 INFO spawned: 'selenium-node' with pid 18
desktopautomationframework-firefox-1  | 2023-07-30 00:20:10,906 INFO success: selenium-node entered RUNNING state, process has stayed up for > than 0 seconds (startsecs)
desktopautomationframework-chrome-1   | Generating Selenium Config
desktopautomationframework-chrome-1   | Configuring server...
desktopautomationframework-chrome-1   | Setting up SE_NODE_HOST...
desktopautomationframework-chrome-1   | Setting up SE_NODE_PORT...
desktopautomationframework-chrome-1   | Setting up SE_NODE_GRID_URL...
desktopautomationframework-edge-1     | Generating Selenium Config
desktopautomationframework-edge-1     | Configuring server...
desktopautomationframework-edge-1     | Setting up SE_NODE_HOST...
desktopautomationframework-edge-1     | Setting up SE_NODE_PORT...
desktopautomationframework-edge-1     | Setting up SE_NODE_GRID_URL...
desktopautomationframework-firefox-1  | Generating Selenium Config
desktopautomationframework-firefox-1  | Configuring server...
desktopautomationframework-firefox-1  | Setting up SE_NODE_HOST...
desktopautomationframework-firefox-1  | Setting up SE_NODE_PORT...
desktopautomationframework-firefox-1  | Setting up SE_NODE_GRID_URL...
desktopautomationframework-chrome-1   | Tracing is disabled
desktopautomationframework-chrome-1   | Selenium Grid Node configuration: 
desktopautomationframework-chrome-1   | [events]
desktopautomationframework-chrome-1   | publish = "tcp://selenium-hub:4442"
desktopautomationframework-chrome-1   | subscribe = "tcp://selenium-hub:4443"
desktopautomationframework-chrome-1   | 
desktopautomationframework-chrome-1   | [node]
desktopautomationframework-chrome-1   | session-timeout = "300"
desktopautomationframework-chrome-1   | override-max-sessions = false
desktopautomationframework-chrome-1   | detect-drivers = false
desktopautomationframework-chrome-1   | drain-after-session-count = 0
desktopautomationframework-chrome-1   | max-sessions = 1
desktopautomationframework-chrome-1   | 
desktopautomationframework-chrome-1   | [[node.driver-configuration]]
desktopautomationframework-chrome-1   | display-name = "chrome"
desktopautomationframework-chrome-1   | stereotype = '{"browserName": "chrome", "browserVersion": "115.0", "platformName": "Linux"}'
desktopautomationframework-chrome-1   | max-sessions = 1
desktopautomationframework-chrome-1   | 
desktopautomationframework-chrome-1   | 
desktopautomationframework-chrome-1   | Starting Selenium Grid Node...
desktopautomationframework-edge-1     | Tracing is disabled
desktopautomationframework-edge-1     | Selenium Grid Node configuration: 
desktopautomationframework-edge-1     | [events]
desktopautomationframework-edge-1     | publish = "tcp://selenium-hub:4442"
desktopautomationframework-edge-1     | subscribe = "tcp://selenium-hub:4443"
desktopautomationframework-edge-1     | 
desktopautomationframework-edge-1     | [node]
desktopautomationframework-edge-1     | session-timeout = "300"
desktopautomationframework-edge-1     | override-max-sessions = false
desktopautomationframework-edge-1     | detect-drivers = false
desktopautomationframework-edge-1     | drain-after-session-count = 0
desktopautomationframework-edge-1     | max-sessions = 1
desktopautomationframework-edge-1     | 
desktopautomationframework-edge-1     | [[node.driver-configuration]]
desktopautomationframework-edge-1     | display-name = "MicrosoftEdge"
desktopautomationframework-edge-1     | stereotype = '{"browserName": "MicrosoftEdge", "browserVersion": "116.0", "platformName": "Linux"}'
desktopautomationframework-edge-1     | max-sessions = 1
desktopautomationframework-edge-1     | 
desktopautomationframework-edge-1     | 
desktopautomationframework-edge-1     | Starting Selenium Grid Node...
desktopautomationframework-firefox-1  | Tracing is disabled
desktopautomationframework-firefox-1  | Selenium Grid Node configuration: 
desktopautomationframework-firefox-1  | [events]
desktopautomationframework-firefox-1  | publish = "tcp://selenium-hub:4442"
desktopautomationframework-firefox-1  | subscribe = "tcp://selenium-hub:4443"
desktopautomationframework-firefox-1  | 
desktopautomationframework-firefox-1  | [node]
desktopautomationframework-firefox-1  | session-timeout = "300"
desktopautomationframework-firefox-1  | override-max-sessions = false
desktopautomationframework-firefox-1  | detect-drivers = false
desktopautomationframework-firefox-1  | drain-after-session-count = 0
desktopautomationframework-firefox-1  | max-sessions = 1
desktopautomationframework-firefox-1  | 
desktopautomationframework-firefox-1  | [[node.driver-configuration]]
desktopautomationframework-firefox-1  | display-name = "firefox"
desktopautomationframework-firefox-1  | stereotype = '{"browserName": "firefox", "browserVersion": "117.0", "platformName": "Linux"}'
desktopautomationframework-firefox-1  | max-sessions = 1
desktopautomationframework-firefox-1  | 
desktopautomationframework-firefox-1  | 
desktopautomationframework-firefox-1  | Starting Selenium Grid Node...
