desktopautomationframework-chrome-10  | 00:20:22.258 INFO [UnboundZmqEventBus.<init>] - Sockets created
desktopautomationframework-chrome-4   | 00:20:22.347 INFO [NodeServer.createHandlers] - Reporting self as: http://192.168.240.12:5555
desktopautomationframework-chrome-4   | 00:20:22.380 INFO [NodeOptions.getSessionFactories] - Detected 12 available processors
selenium-hub                          | 00:20:22.417 INFO [GridModel.setAvailability] - Switching Node bd0b8074-f0b7-4abe-9615-ea59a44fe92e (uri: http://192.168.240.10:5555) from DOWN to UP
selenium-hub                          | 00:20:22.417 INFO [LocalDistributor.add] - Added node bd0b8074-f0b7-4abe-9615-ea59a44fe92e at http://192.168.240.10:5555. Health check every 120s
desktopautomationframework-chrome-6   | 00:20:22.433 INFO [NodeServer.lambda$createHandlers$2] - Node has been added
desktopautomationframework-chrome-7   | 00:20:22.457 INFO [NodeServer$1.start] - Starting registration process for Node http://192.168.240.11:5555
desktopautomationframework-chrome-7   | 00:20:22.460 INFO [NodeServer.execute] - Started Selenium node 4.9.1 (revision eb2032df7f): http://192.168.240.11:5555
desktopautomationframework-chrome-4   | 00:20:22.485 INFO [NodeOptions.report] - Adding chrome for {"browserName": "chrome","browserVersion": "115.0","platformName": "linux","se:noVncPort": 7900,"se:vncEnabled": true} 1 times (Host)
desktopautomationframework-chrome-7   | 00:20:22.484 INFO [NodeServer$1.lambda$start$1] - Sending registration event...
selenium-hub                          | 00:20:22.497 INFO [Node.<init>] - Binding additional locator mechanisms: relative
desktopautomationframework-chrome-4   | 00:20:22.526 INFO [Node.<init>] - Binding additional locator mechanisms: relative
desktopautomationframework-chrome-3   | 00:20:22.701 INFO [UnboundZmqEventBus.<init>] - Event bus ready
selenium-hub                          | 00:20:22.749 INFO [GridModel.setAvailability] - Switching Node 548d3b93-7c6d-4b2d-9424-440c83691df8 (uri: http://192.168.240.11:5555) from DOWN to UP
selenium-hub                          | 00:20:22.749 INFO [LocalDistributor.add] - Added node 548d3b93-7c6d-4b2d-9424-440c83691df8 at http://192.168.240.11:5555. Health check every 120s
desktopautomationframework-chrome-7   | 00:20:22.755 INFO [NodeServer.lambda$createHandlers$2] - Node has been added
desktopautomationframework-chrome-4   | 00:20:22.843 INFO [NodeServer$1.start] - Starting registration process for Node http://192.168.240.12:5555
desktopautomationframework-chrome-4   | 00:20:22.845 INFO [NodeServer.execute] - Started Selenium node 4.9.1 (revision eb2032df7f): http://192.168.240.12:5555
desktopautomationframework-chrome-4   | 00:20:22.864 INFO [NodeServer$1.lambda$start$1] - Sending registration event...
selenium-hub                          | 00:20:22.881 INFO [Node.<init>] - Binding additional locator mechanisms: relative
desktopautomationframework-chrome-3   | 00:20:22.950 INFO [NodeServer.createHandlers] - Reporting self as: http://192.168.240.13:5555
desktopautomationframework-chrome-3   | 00:20:22.985 INFO [NodeOptions.getSessionFactories] - Detected 12 available processors
desktopautomationframework-chrome-3   | 00:20:23.067 INFO [NodeOptions.report] - Adding chrome for {"browserName": "chrome","browserVersion": "115.0","platformName": "linux","se:noVncPort": 7900,"se:vncEnabled": true} 1 times (Host)
desktopautomationframework-chrome-3   | 00:20:23.100 INFO [Node.<init>] - Binding additional locator mechanisms: relative
selenium-hub                          | 00:20:23.122 INFO [GridModel.setAvailability] - Switching Node 38b9406d-eefc-4c6c-9ff8-a97edf030ece (uri: http://192.168.240.12:5555) from DOWN to UP
selenium-hub                          | 00:20:23.122 INFO [LocalDistributor.add] - Added node 38b9406d-eefc-4c6c-9ff8-a97edf030ece at http://192.168.240.12:5555. Health check every 120s
desktopautomationframework-chrome-4   | 00:20:23.130 INFO [NodeServer.lambda$createHandlers$2] - Node has been added
desktopautomationframework-chrome-10  | 00:20:23.264 INFO [UnboundZmqEventBus.<init>] - Event bus ready
desktopautomationframework-chrome-3   | 00:20:23.385 INFO [NodeServer$1.start] - Starting registration process for Node http://192.168.240.13:5555
desktopautomationframework-chrome-3   | 00:20:23.388 INFO [NodeServer.execute] - Started Selenium node 4.9.1 (revision eb2032df7f): http://192.168.240.13:5555
selenium-hub                          | 00:20:23.418 INFO [Node.<init>] - Binding additional locator mechanisms: relative
desktopautomationframework-chrome-3   | 00:20:23.409 INFO [NodeServer$1.lambda$start$1] - Sending registration event...
desktopautomationframework-chrome-10  | 00:20:23.455 INFO [NodeServer.createHandlers] - Reporting self as: http://192.168.240.14:5555
desktopautomationframework-chrome-10  | 00:20:23.488 INFO [NodeOptions.getSessionFactories] - Detected 12 available processors
desktopautomationframework-chrome-10  | 00:20:23.562 INFO [NodeOptions.report] - Adding chrome for {"browserName": "chrome","browserVersion": "115.0","platformName": "linux","se:noVncPort": 7900,"se:vncEnabled": true} 1 times (Host)
desktopautomationframework-chrome-10  | 00:20:23.595 INFO [Node.<init>] - Binding additional locator mechanisms: relative
selenium-hub                          | 00:20:23.657 INFO [GridModel.setAvailability] - Switching Node 11fc474b-1457-4c20-a429-3a24f19dbbfb (uri: http://192.168.240.13:5555) from DOWN to UP
selenium-hub                          | 00:20:23.657 INFO [LocalDistributor.add] - Added node 11fc474b-1457-4c20-a429-3a24f19dbbfb at http://192.168.240.13:5555. Health check every 120s
desktopautomationframework-chrome-3   | 00:20:23.667 INFO [NodeServer.lambda$createHandlers$2] - Node has been added
desktopautomationframework-chrome-10  | 00:20:23.948 INFO [NodeServer$1.start] - Starting registration process for Node http://192.168.240.14:5555
desktopautomationframework-chrome-10  | 00:20:23.952 INFO [NodeServer.execute] - Started Selenium node 4.9.1 (revision eb2032df7f): http://192.168.240.14:5555
desktopautomationframework-chrome-10  | 00:20:23.987 INFO [NodeServer$1.lambda$start$1] - Sending registration event...
selenium-hub                          | 00:20:24.008 INFO [Node.<init>] - Binding additional locator mechanisms: relative
selenium-hub                          | 00:20:24.210 INFO [GridModel.setAvailability] - Switching Node 592969ee-e28a-490a-b161-5527c0744845 (uri: http://192.168.240.14:5555) from DOWN to UP
selenium-hub                          | 00:20:24.211 INFO [LocalDistributor.add] - Added node 592969ee-e28a-490a-b161-5527c0744845 at http://192.168.240.14:5555. Health check every 120s
desktopautomationframework-chrome-10  | 00:20:24.230 INFO [NodeServer.lambda$createHandlers$2] - Node has been added
selenium-hub                          | 00:20:27.404 INFO [LocalDistributor.newSession] - Session request received by the Distributor: 
selenium-hub                          |  [Capabilities {browserName: chrome}]
selenium-hub                          | 00:20:27.404 INFO [LocalDistributor.newSession] - Session request received by the Distributor: 
selenium-hub                          |  [Capabilities {browserName: chrome}]
selenium-hub                          | 00:20:27.405 INFO [LocalDistributor.newSession] - Session request received by the Distributor: 
selenium-hub                          |  [Capabilities {browserName: chrome}]
selenium-hub                          | 00:20:27.405 INFO [LocalDistributor.newSession] - Session request received by the Distributor: 
selenium-hub                          |  [Capabilities {browserName: chrome}]
selenium-hub                          | 00:20:27.406 INFO [LocalDistributor.newSession] - Session request received by the Distributor: 
selenium-hub                          |  [Capabilities {browserName: chrome}]
selenium-hub                          | 00:20:27.406 INFO [LocalDistributor.newSession] - Session request received by the Distributor: 
selenium-hub                          |  [Capabilities {browserName: chrome}]
selenium-hub                          | 00:20:27.407 INFO [LocalDistributor.newSession] - Session request received by the Distributor: 
selenium-hub                          |  [Capabilities {browserName: chrome}]
selenium-hub                          | 00:20:27.410 INFO [LocalDistributor.newSession] - Session request received by the Distributor: 
selenium-hub                          |  [Capabilities {browserName: chrome}]
selenium-hub                          | 00:20:27.413 INFO [LocalDistributor.newSession] - Session request received by the Distributor: 
selenium-hub                          |  [Capabilities {browserName: chrome}]
selenium-hub                          | 00:20:27.429 INFO [LocalDistributor.newSession] - Session request received by the Distributor: 
selenium-hub                          |  [Capabilities {browserName: chrome}]
desktopautomationframework-chrome-1   | [1690676427.730][SEVERE]: bind() failed: Cannot assign requested address (99)
desktopautomationframework-chrome-1   | Starting ChromeDriver 114.0.5735.90 (386bc09e8f4f2e025eddae123f36f6263096ae49-refs/branch-heads/5735@{#1052}) on port 2109
desktopautomationframework-chrome-1   | Only local connections are allowed.
desktopautomationframework-chrome-1   | Please see https://chromedriver.chromium.org/security-considerations for suggestions on keeping ChromeDriver safe.
desktopautomationframework-chrome-1   | ChromeDriver was started successfully.
desktopautomationframework-chrome-4   | Starting ChromeDriver 114.0.5735.90 (386bc09e8f4f2e025eddae123f36f6263096ae49-refs/branch-heads/5735@{#1052}) on port 6692
desktopautomationframework-chrome-4   | Only local connections are allowed.
desktopautomationframework-chrome-4   | Please see https://chromedriver.chromium.org/security-considerations for suggestions on keeping ChromeDriver safe.
desktopautomationframework-chrome-4   | ChromeDriver was started successfully.
desktopautomationframework-chrome-2   | Starting ChromeDriver 114.0.5735.90 (386bc09e8f4f2e025eddae123f36f6263096ae49-refs/branch-heads/5735@{#1052}) on port 32173
desktopautomationframework-chrome-2   | Only local connections are allowed.
desktopautomationframework-chrome-2   | Please see https://chromedriver.chromium.org/security-considerations for suggestions on keeping ChromeDriver safe.
desktopautomationframework-chrome-2   | ChromeDriver was started successfully.
desktopautomationframework-chrome-2   | [1690676427.863][SEVERE]: bind() failed: Cannot assign requested address (99)
desktopautomationframework-chrome-4   | [1690676427.840][SEVERE]: bind() failed: Cannot assign requested address (99)
desktopautomationframework-chrome-8   | [1690676427.858][SEVERE]: bind() failed: Cannot assign requested address (99)
desktopautomationframework-chrome-6   | Starting ChromeDriver 114.0.5735.90 (386bc09e8f4f2e025eddae123f36f6263096ae49-refs/branch-heads/5735@{#1052}) on port 18262
desktopautomationframework-chrome-8   | Starting ChromeDriver 114.0.5735.90 (386bc09e8f4f2e025eddae123f36f6263096ae49-refs/branch-heads/5735@{#1052}) on port 12672
desktopautomationframework-chrome-6   | Only local connections are allowed.
desktopautomationframework-chrome-8   | Only local connections are allowed.
desktopautomationframework-chrome-6   | Please see https://chromedriver.chromium.org/security-considerations for suggestions on keeping ChromeDriver safe.
desktopautomationframework-chrome-3   | Starting ChromeDriver 114.0.5735.90 (386bc09e8f4f2e025eddae123f36f6263096ae49-refs/branch-heads/5735@{#1052}) on port 11865
desktopautomationframework-chrome-3   | Only local connections are allowed.
desktopautomationframework-chrome-8   | Please see https://chromedriver.chromium.org/security-considerations for suggestions on keeping ChromeDriver safe.
desktopautomationframework-chrome-6   | ChromeDriver was started successfully.
desktopautomationframework-chrome-8   | ChromeDriver was started successfully.
desktopautomationframework-chrome-6   | [1690676427.873][SEVERE]: bind() failed: Cannot assign requested address (99)
desktopautomationframework-chrome-3   | Please see https://chromedriver.chromium.org/security-considerations for suggestions on keeping ChromeDriver safe.
desktopautomationframework-chrome-3   | ChromeDriver was started successfully.
desktopautomationframework-chrome-3   | [1690676427.889][SEVERE]: bind() failed: Cannot assign requested address (99)
desktopautomationframework-chrome-7   | Starting ChromeDriver 114.0.5735.90 (386bc09e8f4f2e025eddae123f36f6263096ae49-refs/branch-heads/5735@{#1052}) on port 12844
desktopautomationframework-chrome-7   | Only local connections are allowed.
desktopautomationframework-chrome-7   | Please see https://chromedriver.chromium.org/security-considerations for suggestions on keeping ChromeDriver safe.
desktopautomationframework-chrome-7   | ChromeDriver was started successfully.
desktopautomationframework-chrome-7   | [1690676427.964][SEVERE]: bind() failed: Cannot assign requested address (99)
desktopautomationframework-chrome-5   | Starting ChromeDriver 114.0.5735.90 (386bc09e8f4f2e025eddae123f36f6263096ae49-refs/branch-heads/5735@{#1052}) on port 11684
desktopautomationframework-chrome-5   | Only local connections are allowed.
desktopautomationframework-chrome-5   | Please see https://chromedriver.chromium.org/security-considerations for suggestions on keeping ChromeDriver safe.
desktopautomationframework-chrome-5   | ChromeDriver was started successfully.
desktopautomationframework-chrome-5   | [1690676427.940][SEVERE]: bind() failed: Cannot assign requested address (99)
desktopautomationframework-chrome-9   | Starting ChromeDriver 114.0.5735.90 (386bc09e8f4f2e025eddae123f36f6263096ae49-refs/branch-heads/5735@{#1052}) on port 27609
desktopautomationframework-chrome-9   | Only local connections are allowed.
desktopautomationframework-chrome-9   | Please see https://chromedriver.chromium.org/security-considerations for suggestions on keeping ChromeDriver safe.
desktopautomationframework-chrome-9   | ChromeDriver was started successfully.
desktopautomationframework-chrome-9   | [1690676428.002][SEVERE]: bind() failed: Cannot assign requested address (99)
desktopautomationframework-chrome-10  | Starting ChromeDriver 114.0.5735.90 (386bc09e8f4f2e025eddae123f36f6263096ae49-refs/branch-heads/5735@{#1052}) on port 19450
desktopautomationframework-chrome-10  | Only local connections are allowed.
desktopautomationframework-chrome-10  | Please see https://chromedriver.chromium.org/security-considerations for suggestions on keeping ChromeDriver safe.
desktopautomationframework-chrome-10  | ChromeDriver was started successfully.
desktopautomationframework-chrome-10  | [1690676428.072][SEVERE]: bind() failed: Cannot assign requested address (99)
desktopautomationframework-chrome-3   | [1690676431.051][WARNING]: This version of ChromeDriver has not been tested with Chrome version 115.
desktopautomationframework-chrome-1   | [1690676431.055][WARNING]: This version of ChromeDriver has not been tested with Chrome version 115.
desktopautomationframework-chrome-2   | [1690676431.086][WARNING]: This version of ChromeDriver has not been tested with Chrome version 115.
desktopautomationframework-chrome-10  | [1690676431.117][WARNING]: This version of ChromeDriver has not been tested with Chrome version 115.
desktopautomationframework-chrome-8   | [1690676431.149][WARNING]: This version of ChromeDriver has not been tested with Chrome version 115.
desktopautomationframework-chrome-7   | [1690676431.189][WARNING]: This version of ChromeDriver has not been tested with Chrome version 115.
desktopautomationframework-chrome-5   | [1690676431.316][WARNING]: This version of ChromeDriver has not been tested with Chrome version 115.
desktopautomationframework-chrome-9   | [1690676431.362][WARNING]: This version of ChromeDriver has not been tested with Chrome version 115.
desktopautomationframework-chrome-6   | [1690676431.430][WARNING]: This version of ChromeDriver has not been tested with Chrome version 115.
desktopautomationframework-chrome-4   | [1690676431.430][WARNING]: This version of ChromeDriver has not been tested with Chrome version 115.
desktopautomationframework-chrome-3   | 00:20:31.931 INFO [LocalNode.newSession] - Session created by the Node. Id: 72904902304c57e2ec1fd95c14e37f7f, Caps: Capabilities {acceptInsecureCerts: false, browserName: chrome, browserVersion: 115.0.5790.3, chrome: {chromedriverVersion: 114.0.5735.90 (386bc09e8f4f..., userDataDir: /tmp/.com.google.Chrome.a6wFfZ}, goog:chromeOptions: {debuggerAddress: localhost:42185}, networkConnectionEnabled: false, pageLoadStrategy: normal, platformName: linux, proxy: Proxy(), se:cdp: http://localhost:42185, se:cdpVersion: 115.0.5790.3, se:vncEnabled: true, se:vncLocalAddress: ws://192.168.240.13:7900, setWindowRect: true, strictFileInteractability: false, timeouts: {implicit: 0, pageLoad: 300000, script: 30000}, unhandledPromptBehavior: dismiss and notify, webauthn:extension:credBlob: true, webauthn:extension:largeBlob: true, webauthn:extension:minPinLength: true, webauthn:extension:prf: true, webauthn:virtualAuthenticators: true}
selenium-hub                          | 00:20:31.969 INFO [LocalDistributor.newSession] - Session created by the Distributor. Id: 72904902304c57e2ec1fd95c14e37f7f 
selenium-hub                          |  Caps: Capabilities {acceptInsecureCerts: false, browserName: chrome, browserVersion: 115.0.5790.3, chrome: {chromedriverVersion: 114.0.5735.90 (386bc09e8f4f..., userDataDir: /tmp/.com.google.Chrome.a6wFfZ}, goog:chromeOptions: {debuggerAddress: localhost:42185}, networkConnectionEnabled: false, pageLoadStrategy: normal, platformName: linux, proxy: {}, se:bidiEnabled: false, se:cdp: ws://192.168.240.13:4444/se..., se:cdpVersion: 115.0.5790.3, se:vnc: ws://192.168.240.13:4444/se..., se:vncEnabled: true, se:vncLocalAddress: ws://192.168.240.13:7900, setWindowRect: true, strictFileInteractability: false, timeouts: {implicit: 0, pageLoad: 300000, script: 30000}, unhandledPromptBehavior: dismiss and notify, webauthn:extension:credBlob: true, webauthn:extension:largeBlob: true, webauthn:extension:minPinLength: true, webauthn:extension:prf: true, webauthn:virtualAuthenticators: true}
desktopautomationframework-chrome-1   | 00:20:31.965 INFO [LocalNode.newSession] - Session created by the Node. Id: 81f8fa13e93c260c8158f179262240ac, Caps: Capabilities {acceptInsecureCerts: false, browserName: chrome, browserVersion: 115.0.5790.3, chrome: {chromedriverVersion: 114.0.5735.90 (386bc09e8f4f..., userDataDir: /tmp/.com.google.Chrome.c8xJcS}, goog:chromeOptions: {debuggerAddress: localhost:43119}, networkConnectionEnabled: false, pageLoadStrategy: normal, platformName: linux, proxy: Proxy(), se:cdp: http://localhost:43119, se:cdpVersion: 115.0.5790.3, se:vncEnabled: true, se:vncLocalAddress: ws://192.168.240.4:7900, setWindowRect: true, strictFileInteractability: false, timeouts: {implicit: 0, pageLoad: 300000, script: 30000}, unhandledPromptBehavior: dismiss and notify, webauthn:extension:credBlob: true, webauthn:extension:largeBlob: true, webauthn:extension:minPinLength: true, webauthn:extension:prf: true, webauthn:virtualAuthenticators: true}
desktopautomationframework-chrome-2   | 00:20:31.957 INFO [LocalNode.newSession] - Session created by the Node. Id: e280c179045993e20e35a9d6c9ecfaef, Caps: Capabilities {acceptInsecureCerts: false, browserName: chrome, browserVersion: 115.0.5790.3, chrome: {chromedriverVersion: 114.0.5735.90 (386bc09e8f4f..., userDataDir: /tmp/.com.google.Chrome.SOO0Yk}, goog:chromeOptions: {debuggerAddress: localhost:43023}, networkConnectionEnabled: false, pageLoadStrategy: normal, platformName: linux, proxy: Proxy(), se:cdp: http://localhost:43023, se:cdpVersion: 115.0.5790.3, se:vncEnabled: true, se:vncLocalAddress: ws://192.168.240.8:7900, setWindowRect: true, strictFileInteractability: false, timeouts: {implicit: 0, pageLoad: 300000, script: 30000}, unhandledPromptBehavior: dismiss and notify, webauthn:extension:credBlob: true, webauthn:extension:largeBlob: true, webauthn:extension:minPinLength: true, webauthn:extension:prf: true, webauthn:virtualAuthenticators: true}
desktopautomationframework-chrome-10  | 00:20:32.019 INFO [LocalNode.newSession] - Session created by the Node. Id: 3e7326095154669ef910308cca92244d, Caps: Capabilities {acceptInsecureCerts: false, browserName: chrome, browserVersion: 115.0.5790.3, chrome: {chromedriverVersion: 114.0.5735.90 (386bc09e8f4f..., userDataDir: /tmp/.com.google.Chrome.kDRTvg}, goog:chromeOptions: {debuggerAddress: localhost:40735}, networkConnectionEnabled: false, pageLoadStrategy: normal, platformName: linux, proxy: Proxy(), se:cdp: http://localhost:40735, se:cdpVersion: 115.0.5790.3, se:vncEnabled: true, se:vncLocalAddress: ws://192.168.240.14:7900, setWindowRect: true, strictFileInteractability: false, timeouts: {implicit: 0, pageLoad: 300000, script: 30000}, unhandledPromptBehavior: dismiss and notify, webauthn:extension:credBlob: true, webauthn:extension:largeBlob: true, webauthn:extension:minPinLength: true, webauthn:extension:prf: true, webauthn:virtualAuthenticators: true}
selenium-hub                          | 00:20:32.039 INFO [LocalDistributor.newSession] - Session created by the Distributor. Id: e280c179045993e20e35a9d6c9ecfaef 
selenium-hub                          |  Caps: Capabilities {acceptInsecureCerts: false, browserName: chrome, browserVersion: 115.0.5790.3, chrome: {chromedriverVersion: 114.0.5735.90 (386bc09e8f4f..., userDataDir: /tmp/.com.google.Chrome.SOO0Yk}, goog:chromeOptions: {debuggerAddress: localhost:43023}, networkConnectionEnabled: false, pageLoadStrategy: normal, platformName: linux, proxy: {}, se:bidiEnabled: false, se:cdp: ws://192.168.240.8:4444/ses..., se:cdpVersion: 115.0.5790.3, se:vnc: ws://192.168.240.8:4444/ses..., se:vncEnabled: true, se:vncLocalAddress: ws://192.168.240.8:7900, setWindowRect: true, strictFileInteractability: false, timeouts: {implicit: 0, pageLoad: 300000, script: 30000}, unhandledPromptBehavior: dismiss and notify, webauthn:extension:credBlob: true, webauthn:extension:largeBlob: true, webauthn:extension:minPinLength: true, webauthn:extension:prf: true, webauthn:virtualAuthenticators: true}
desktopautomationframework-chrome-8   | 00:20:32.063 INFO [LocalNode.newSession] - Session created by the Node. Id: a36b4ec39644711334fe00682a29a9c0, Caps: Capabilities {acceptInsecureCerts: false, browserName: chrome, browserVersion: 115.0.5790.3, chrome: {chromedriverVersion: 114.0.5735.90 (386bc09e8f4f..., userDataDir: /tmp/.com.google.Chrome.CAVLIW}, goog:chromeOptions: {debuggerAddress: localhost:33203}, networkConnectionEnabled: false, pageLoadStrategy: normal, platformName: linux, proxy: Proxy(), se:cdp: http://localhost:33203, se:cdpVersion: 115.0.5790.3, se:vncEnabled: true, se:vncLocalAddress: ws://192.168.240.9:7900, setWindowRect: true, strictFileInteractability: false, timeouts: {implicit: 0, pageLoad: 300000, script: 30000}, unhandledPromptBehavior: dismiss and notify, webauthn:extension:credBlob: true, webauthn:extension:largeBlob: true, webauthn:extension:minPinLength: true, webauthn:extension:prf: true, webauthn:virtualAuthenticators: true}
selenium-hub                          | 00:20:32.103 INFO [LocalDistributor.newSession] - Session created by the Distributor. Id: 81f8fa13e93c260c8158f179262240ac 
selenium-hub                          |  Caps: Capabilities {acceptInsecureCerts: false, browserName: chrome, browserVersion: 115.0.5790.3, chrome: {chromedriverVersion: 114.0.5735.90 (386bc09e8f4f..., userDataDir: /tmp/.com.google.Chrome.c8xJcS}, goog:chromeOptions: {debuggerAddress: localhost:43119}, networkConnectionEnabled: false, pageLoadStrategy: normal, platformName: linux, proxy: {}, se:bidiEnabled: false, se:cdp: ws://192.168.240.4:4444/ses..., se:cdpVersion: 115.0.5790.3, se:vnc: ws://192.168.240.4:4444/ses..., se:vncEnabled: true, se:vncLocalAddress: ws://192.168.240.4:7900, setWindowRect: true, strictFileInteractability: false, timeouts: {implicit: 0, pageLoad: 300000, script: 30000}, unhandledPromptBehavior: dismiss and notify, webauthn:extension:credBlob: true, webauthn:extension:largeBlob: true, webauthn:extension:minPinLength: true, webauthn:extension:prf: true, webauthn:virtualAuthenticators: true}
selenium-hub                          | 00:20:32.117 INFO [LocalDistributor.newSession] - Session created by the Distributor. Id: 3e7326095154669ef910308cca92244d 
selenium-hub                          |  Caps: Capabilities {acceptInsecureCerts: false, browserName: chrome, browserVersion: 115.0.5790.3, chrome: {chromedriverVersion: 114.0.5735.90 (386bc09e8f4f..., userDataDir: /tmp/.com.google.Chrome.kDRTvg}, goog:chromeOptions: {debuggerAddress: localhost:40735}, networkConnectionEnabled: false, pageLoadStrategy: normal, platformName: linux, proxy: {}, se:bidiEnabled: false, se:cdp: ws://192.168.240.14:4444/se..., se:cdpVersion: 115.0.5790.3, se:vnc: ws://192.168.240.14:4444/se..., se:vncEnabled: true, se:vncLocalAddress: ws://192.168.240.14:7900, setWindowRect: true, strictFileInteractability: false, timeouts: {implicit: 0, pageLoad: 300000, script: 30000}, unhandledPromptBehavior: dismiss and notify, webauthn:extension:credBlob: true, webauthn:extension:largeBlob: true, webauthn:extension:minPinLength: true, webauthn:extension:prf: true, webauthn:virtualAuthenticators: true}
desktopautomationframework-chrome-5   | 00:20:32.150 INFO [LocalNode.newSession] - Session created by the Node. Id: d7537f5b8f1f652d1e7a9f8ac9b1e3e1, Caps: Capabilities {acceptInsecureCerts: false, browserName: chrome, browserVersion: 115.0.5790.3, chrome: {chromedriverVersion: 114.0.5735.90 (386bc09e8f4f..., userDataDir: /tmp/.com.google.Chrome.N51EVM}, goog:chromeOptions: {debuggerAddress: localhost:39507}, networkConnectionEnabled: false, pageLoadStrategy: normal, platformName: linux, proxy: Proxy(), se:cdp: http://localhost:39507, se:cdpVersion: 115.0.5790.3, se:vncEnabled: true, se:vncLocalAddress: ws://192.168.240.6:7900, setWindowRect: true, strictFileInteractability: false, timeouts: {implicit: 0, pageLoad: 300000, script: 30000}, unhandledPromptBehavior: dismiss and notify, webauthn:extension:credBlob: true, webauthn:extension:largeBlob: true, webauthn:extension:minPinLength: true, webauthn:extension:prf: true, webauthn:virtualAuthenticators: true}
selenium-hub                          | 00:20:32.165 INFO [LocalDistributor.newSession] - Session created by the Distributor. Id: a36b4ec39644711334fe00682a29a9c0 
selenium-hub                          |  Caps: Capabilities {acceptInsecureCerts: false, browserName: chrome, browserVersion: 115.0.5790.3, chrome: {chromedriverVersion: 114.0.5735.90 (386bc09e8f4f..., userDataDir: /tmp/.com.google.Chrome.CAVLIW}, goog:chromeOptions: {debuggerAddress: localhost:33203}, networkConnectionEnabled: false, pageLoadStrategy: normal, platformName: linux, proxy: {}, se:bidiEnabled: false, se:cdp: ws://192.168.240.9:4444/ses..., se:cdpVersion: 115.0.5790.3, se:vnc: ws://192.168.240.9:4444/ses..., se:vncEnabled: true, se:vncLocalAddress: ws://192.168.240.9:7900, setWindowRect: true, strictFileInteractability: false, timeouts: {implicit: 0, pageLoad: 300000, script: 30000}, unhandledPromptBehavior: dismiss and notify, webauthn:extension:credBlob: true, webauthn:extension:largeBlob: true, webauthn:extension:minPinLength: true, webauthn:extension:prf: true, webauthn:virtualAuthenticators: true}
desktopautomationframework-chrome-7   | 00:20:32.193 INFO [LocalNode.newSession] - Session created by the Node. Id: 9e33767f6ceae2651a37724ff9f1115c, Caps: Capabilities {acceptInsecureCerts: false, browserName: chrome, browserVersion: 115.0.5790.3, chrome: {chromedriverVersion: 114.0.5735.90 (386bc09e8f4f..., userDataDir: /tmp/.com.google.Chrome.36WLBL}, goog:chromeOptions: {debuggerAddress: localhost:44051}, networkConnectionEnabled: false, pageLoadStrategy: normal, platformName: linux, proxy: Proxy(), se:cdp: http://localhost:44051, se:cdpVersion: 115.0.5790.3, se:vncEnabled: true, se:vncLocalAddress: ws://192.168.240.11:7900, setWindowRect: true, strictFileInteractability: false, timeouts: {implicit: 0, pageLoad: 300000, script: 30000}, unhandledPromptBehavior: dismiss and notify, webauthn:extension:credBlob: true, webauthn:extension:largeBlob: true, webauthn:extension:minPinLength: true, webauthn:extension:prf: true, webauthn:virtualAuthenticators: true}
selenium-hub                          | 00:20:32.245 INFO [LocalDistributor.newSession] - Session created by the Distributor. Id: d7537f5b8f1f652d1e7a9f8ac9b1e3e1 
selenium-hub                          |  Caps: Capabilities {acceptInsecureCerts: false, browserName: chrome, browserVersion: 115.0.5790.3, chrome: {chromedriverVersion: 114.0.5735.90 (386bc09e8f4f..., userDataDir: /tmp/.com.google.Chrome.N51EVM}, goog:chromeOptions: {debuggerAddress: localhost:39507}, networkConnectionEnabled: false, pageLoadStrategy: normal, platformName: linux, proxy: {}, se:bidiEnabled: false, se:cdp: ws://192.168.240.6:4444/ses..., se:cdpVersion: 115.0.5790.3, se:vnc: ws://192.168.240.6:4444/ses..., se:vncEnabled: true, se:vncLocalAddress: ws://192.168.240.6:7900, setWindowRect: true, strictFileInteractability: false, timeouts: {implicit: 0, pageLoad: 300000, script: 30000}, unhandledPromptBehavior: dismiss and notify, webauthn:extension:credBlob: true, webauthn:extension:largeBlob: true, webauthn:extension:minPinLength: true, webauthn:extension:prf: true, webauthn:virtualAuthenticators: true}
selenium-hub                          | 00:20:32.250 INFO [LocalDistributor.newSession] - Session created by the Distributor. Id: 9e33767f6ceae2651a37724ff9f1115c 
selenium-hub                          |  Caps: Capabilities {acceptInsecureCerts: false, browserName: chrome, browserVersion: 115.0.5790.3, chrome: {chromedriverVersion: 114.0.5735.90 (386bc09e8f4f..., userDataDir: /tmp/.com.google.Chrome.36WLBL}, goog:chromeOptions: {debuggerAddress: localhost:44051}, networkConnectionEnabled: false, pageLoadStrategy: normal, platformName: linux, proxy: {}, se:bidiEnabled: false, se:cdp: ws://192.168.240.11:4444/se..., se:cdpVersion: 115.0.5790.3, se:vnc: ws://192.168.240.11:4444/se..., se:vncEnabled: true, se:vncLocalAddress: ws://192.168.240.11:7900, setWindowRect: true, strictFileInteractability: false, timeouts: {implicit: 0, pageLoad: 300000, script: 30000}, unhandledPromptBehavior: dismiss and notify, webauthn:extension:credBlob: true, webauthn:extension:largeBlob: true, webauthn:extension:minPinLength: true, webauthn:extension:prf: true, webauthn:virtualAuthenticators: true}
desktopautomationframework-chrome-9   | 00:20:32.410 INFO [LocalNode.newSession] - Session created by the Node. Id: 59fa3f322c005e13a030d7b9779d7c6c, Caps: Capabilities {acceptInsecureCerts: false, browserName: chrome, browserVersion: 115.0.5790.3, chrome: {chromedriverVersion: 114.0.5735.90 (386bc09e8f4f..., userDataDir: /tmp/.com.google.Chrome.jdln2S}, goog:chromeOptions: {debuggerAddress: localhost:35045}, networkConnectionEnabled: false, pageLoadStrategy: normal, platformName: linux, proxy: Proxy(), se:cdp: http://localhost:35045, se:cdpVersion: 115.0.5790.3, se:vncEnabled: true, se:vncLocalAddress: ws://192.168.240.7:7900, setWindowRect: true, strictFileInteractability: false, timeouts: {implicit: 0, pageLoad: 300000, script: 30000}, unhandledPromptBehavior: dismiss and notify, webauthn:extension:credBlob: true, webauthn:extension:largeBlob: true, webauthn:extension:minPinLength: true, webauthn:extension:prf: true, webauthn:virtualAuthenticators: true}
desktopautomationframework-chrome-4   | 00:20:32.448 INFO [LocalNode.newSession] - Session created by the Node. Id: c496eaed30cb50b5630fc987c5bd4bef, Caps: Capabilities {acceptInsecureCerts: false, browserName: chrome, browserVersion: 115.0.5790.3, chrome: {chromedriverVersion: 114.0.5735.90 (386bc09e8f4f..., userDataDir: /tmp/.com.google.Chrome.AxNfRX}, goog:chromeOptions: {debuggerAddress: localhost:40451}, networkConnectionEnabled: false, pageLoadStrategy: normal, platformName: linux, proxy: Proxy(), se:cdp: http://localhost:40451, se:cdpVersion: 115.0.5790.3, se:vncEnabled: true, se:vncLocalAddress: ws://192.168.240.12:7900, setWindowRect: true, strictFileInteractability: false, timeouts: {implicit: 0, pageLoad: 300000, script: 30000}, unhandledPromptBehavior: dismiss and notify, webauthn:extension:credBlob: true, webauthn:extension:largeBlob: true, webauthn:extension:minPinLength: true, webauthn:extension:prf: true, webauthn:virtualAuthenticators: true}
selenium-hub                          | 00:20:32.531 INFO [LocalDistributor.newSession] - Session created by the Distributor. Id: 59fa3f322c005e13a030d7b9779d7c6c 
selenium-hub                          |  Caps: Capabilities {acceptInsecureCerts: false, browserName: chrome, browserVersion: 115.0.5790.3, chrome: {chromedriverVersion: 114.0.5735.90 (386bc09e8f4f..., userDataDir: /tmp/.com.google.Chrome.jdln2S}, goog:chromeOptions: {debuggerAddress: localhost:35045}, networkConnectionEnabled: false, pageLoadStrategy: normal, platformName: linux, proxy: {}, se:bidiEnabled: false, se:cdp: ws://192.168.240.7:4444/ses..., se:cdpVersion: 115.0.5790.3, se:vnc: ws://192.168.240.7:4444/ses..., se:vncEnabled: true, se:vncLocalAddress: ws://192.168.240.7:7900, setWindowRect: true, strictFileInteractability: false, timeouts: {implicit: 0, pageLoad: 300000, script: 30000}, unhandledPromptBehavior: dismiss and notify, webauthn:extension:credBlob: true, webauthn:extension:largeBlob: true, webauthn:extension:minPinLength: true, webauthn:extension:prf: true, webauthn:virtualAuthenticators: true}
desktopautomationframework-chrome-6   | 00:20:32.610 INFO [LocalNode.newSession] - Session created by the Node. Id: 7f4d082cb6d85bd57dbeb70b640b969c, Caps: Capabilities {acceptInsecureCerts: false, browserName: chrome, browserVersion: 115.0.5790.3, chrome: {chromedriverVersion: 114.0.5735.90 (386bc09e8f4f..., userDataDir: /tmp/.com.google.Chrome.30jYeI}, goog:chromeOptions: {debuggerAddress: localhost:40141}, networkConnectionEnabled: false, pageLoadStrategy: normal, platformName: linux, proxy: Proxy(), se:cdp: http://localhost:40141, se:cdpVersion: 115.0.5790.3, se:vncEnabled: true, se:vncLocalAddress: ws://192.168.240.10:7900, setWindowRect: true, strictFileInteractability: false, timeouts: {implicit: 0, pageLoad: 300000, script: 30000}, unhandledPromptBehavior: dismiss and notify, webauthn:extension:credBlob: true, webauthn:extension:largeBlob: true, webauthn:extension:minPinLength: true, webauthn:extension:prf: true, webauthn:virtualAuthenticators: true}
selenium-hub                          | 00:20:32.638 INFO [LocalDistributor.newSession] - Session created by the Distributor. Id: c496eaed30cb50b5630fc987c5bd4bef 
selenium-hub                          |  Caps: Capabilities {acceptInsecureCerts: false, browserName: chrome, browserVersion: 115.0.5790.3, chrome: {chromedriverVersion: 114.0.5735.90 (386bc09e8f4f..., userDataDir: /tmp/.com.google.Chrome.AxNfRX}, goog:chromeOptions: {debuggerAddress: localhost:40451}, networkConnectionEnabled: false, pageLoadStrategy: normal, platformName: linux, proxy: {}, se:bidiEnabled: false, se:cdp: ws://192.168.240.12:4444/se..., se:cdpVersion: 115.0.5790.3, se:vnc: ws://192.168.240.12:4444/se..., se:vncEnabled: true, se:vncLocalAddress: ws://192.168.240.12:7900, setWindowRect: true, strictFileInteractability: false, timeouts: {implicit: 0, pageLoad: 300000, script: 30000}, unhandledPromptBehavior: dismiss and notify, webauthn:extension:credBlob: true, webauthn:extension:largeBlob: true, webauthn:extension:minPinLength: true, webauthn:extension:prf: true, webauthn:virtualAuthenticators: true}
selenium-hub                          | 00:20:32.683 INFO [LocalDistributor.newSession] - Session created by the Distributor. Id: 7f4d082cb6d85bd57dbeb70b640b969c 
selenium-hub                          |  Caps: Capabilities {acceptInsecureCerts: false, browserName: chrome, browserVersion: 115.0.5790.3, chrome: {chromedriverVersion: 114.0.5735.90 (386bc09e8f4f..., userDataDir: /tmp/.com.google.Chrome.30jYeI}, goog:chromeOptions: {debuggerAddress: localhost:40141}, networkConnectionEnabled: false, pageLoadStrategy: normal, platformName: linux, proxy: {}, se:bidiEnabled: false, se:cdp: ws://192.168.240.10:4444/se..., se:cdpVersion: 115.0.5790.3, se:vnc: ws://192.168.240.10:4444/se..., se:vncEnabled: true, se:vncLocalAddress: ws://192.168.240.10:7900, setWindowRect: true, strictFileInteractability: false, timeouts: {implicit: 0, pageLoad: 300000, script: 30000}, unhandledPromptBehavior: dismiss and notify, webauthn:extension:credBlob: true, webauthn:extension:largeBlob: true, webauthn:extension:minPinLength: true, webauthn:extension:prf: true, webauthn:virtualAuthenticators: true}
desktopautomationframework-chrome-5   | 00:20:41.548 INFO [SessionSlot.stop] - Stopping session d7537f5b8f1f652d1e7a9f8ac9b1e3e1
selenium-hub                          | 00:20:41.556 INFO [GridModel.release] - Releasing slot for session id d7537f5b8f1f652d1e7a9f8ac9b1e3e1
selenium-hub                          | 00:20:41.556 INFO [LocalSessionMap.lambda$new$0] - Deleted session from local Session Map, Id: d7537f5b8f1f652d1e7a9f8ac9b1e3e1
desktopautomationframework-chrome-3   | 00:20:41.580 INFO [SessionSlot.stop] - Stopping session 72904902304c57e2ec1fd95c14e37f7f
selenium-hub                          | 00:20:41.593 INFO [LocalSessionMap.lambda$new$0] - Deleted session from local Session Map, Id: 72904902304c57e2ec1fd95c14e37f7f
selenium-hub                          | 00:20:41.594 INFO [GridModel.release] - Releasing slot for session id 72904902304c57e2ec1fd95c14e37f7f
desktopautomationframework-chrome-2   | 00:20:42.674 INFO [SessionSlot.stop] - Stopping session e280c179045993e20e35a9d6c9ecfaef
selenium-hub                          | 00:20:42.679 INFO [GridModel.release] - Releasing slot for session id e280c179045993e20e35a9d6c9ecfaef
selenium-hub                          | 00:20:42.679 INFO [LocalSessionMap.lambda$new$0] - Deleted session from local Session Map, Id: e280c179045993e20e35a9d6c9ecfaef
desktopautomationframework-chrome-10  | 00:20:42.687 INFO [SessionSlot.stop] - Stopping session 3e7326095154669ef910308cca92244d
selenium-hub                          | 00:20:42.713 INFO [GridModel.release] - Releasing slot for session id 3e7326095154669ef910308cca92244d
selenium-hub                          | 00:20:42.714 INFO [LocalSessionMap.lambda$new$0] - Deleted session from local Session Map, Id: 3e7326095154669ef910308cca92244d
desktopautomationframework-chrome-7   | 00:20:42.739 INFO [SessionSlot.stop] - Stopping session 9e33767f6ceae2651a37724ff9f1115c
selenium-hub                          | 00:20:42.759 INFO [GridModel.release] - Releasing slot for session id 9e33767f6ceae2651a37724ff9f1115c
selenium-hub                          | 00:20:42.760 INFO [LocalSessionMap.lambda$new$0] - Deleted session from local Session Map, Id: 9e33767f6ceae2651a37724ff9f1115c
failed to get console mode for stdout: The handle is invalid.
[1A[1B[0G[?25l[+] Running 4/0
 [32m✔[0m Container selenium-hub                          [32mRunning[0m[34m0.0s [0m
 [32m✔[0m Container desktopautomationframework-chrome-1   [32mRunning[0m[34m0.0s [0m
 [32m✔[0m Container desktopautomationframework-edge-1     [32mRunning[0m[34m0.0s [0m
 [32m✔[0m Container desktopautomationframework-firefox-1  [32mRunning[0m[34m0.0s [0m
[?25h[1A[1A[1A[1A[1A[0G[?25l[34m[+] Running 4/4[0m
 [32m✔[0m Container selenium-hub                          [32mRunning[0m[34m0.0s [0m
 [32m✔[0m Container desktopautomationframework-chrome-1   [32mRunning[0m[34m0.0s [0m
 [32m✔[0m Container desktopautomationframework-edge-1     [32mRunning[0m[34m0.0s [0m
 [32m✔[0m Container desktopautomationframework-firefox-1  [32mRunning[0m[34m0.0s [0m
[?25h[1A[1A[1A[1A[1A[0G[?25l[34m[+] Running 4/4[0m
 [32m✔[0m Container selenium-hub                          [32mRunning[0m[34m0.0s [0m
 [32m✔[0m Container desktopautomationframework-chrome-1   [32mRunning[0m[34m0.0s [0m
 [32m✔[0m Container desktopautomationframework-edge-1     [32mRunning[0m[34m0.0s [0m
 [32m✔[0m Container desktopautomationframework-firefox-1  [32mRunning[0m[34m0.0s [0m
[?25h[1A[1A[1A[1A[1A[0G[?25l[34m[+] Running 4/4[0m
 [32m✔[0m Container selenium-hub                          [32mRunning[0m[34m0.0s [0m
 [32m✔[0m Container desktopautomationframework-chrome-1   [32mRunning[0m[34m0.0s [0m
 [32m✔[0m Container desktopautomationframework-edge-1     [32mRunning[0m[34m0.0s [0m
 [32m✔[0m Container desktopautomationframework-firefox-1  [32mRunning[0m[34m0.0s [0m
[?25h[1A[1A[1A[1A[1A[0G[?25l[34m[+] Running 4/4[0m
 [32m✔[0m Container selenium-hub                          [32mRunning[0m[34m0.0s [0m
 [32m✔[0m Container desktopautomationframework-chrome-1   [32mRunning[0m[34m0.0s [0m
 [32m✔[0m Container desktopautomationframework-edge-1     [32mRunning[0m[34m0.0s [0m
 [32m✔[0m Container desktopautomationframework-firefox-1  [32mRunning[0m[34m0.0s [0m
[?25h[1A[1A[1A[1A[1A[0G[?25l[34m[+] Running 4/4[0m
 [32m✔[0m Container selenium-hub                          [32mRunning[0m[34m0.0s [0m
 [32m✔[0m Container desktopautomationframework-chrome-1   [32mRunning[0m[34m0.0s [0m
 [32m✔[0m Container desktopautomationframework-edge-1     [32mRunning[0m[34m0.0s [0m
 [32m✔[0m Container desktopautomationframework-firefox-1  [32mRunning[0m[34m0.0s [0m
[?25h[1A[1A[1A[1A[1A[0G[?25l[34m[+] Running 4/4[0m
 [32m✔[0m Container selenium-hub                          [32mRunning[0m[34m0.0s [0m
 [32m✔[0m Container desktopautomationframework-chrome-1   [32mRunning[0m[34m0.0s [0m
 [32m✔[0m Container desktopautomationframework-edge-1     [32mRunning[0m[34m0.0s [0m
 [32m✔[0m Container desktopautomationframework-firefox-1  [32mRunning[0m[34m0.0s [0m
[?25h[1A[1A[1A[1A[1A[0G[?25l[34m[+] Running 4/4[0m
 [32m✔[0m Container selenium-hub                          [32mRunning[0m[34m0.0s [0m
 [32m✔[0m Container desktopautomationframework-chrome-1   [32mRunning[0m[34m0.0s [0m
 [32m✔[0m Container desktopautomationframework-edge-1     [32mRunning[0m[34m0.0s [0m
 [32m✔[0m Container desktopautomationframework-firefox-1  [32mRunning[0m[34m0.0s [0m
[?25h[1A[1A[1A[1A[1A[0G[?25l[34m[+] Running 4/4[0m
 [32m✔[0m Container selenium-hub                          [32mRunning[0m[34m0.0s [0m
 [32m✔[0m Container desktopautomationframework-chrome-1   [32mRunning[0m[34m0.0s [0m
 [32m✔[0m Container desktopautomationframework-edge-1     [32mRunning[0m[34m0.0s [0m
 [32m✔[0m Container desktopautomationframework-firefox-1  [32mRunning[0m[34m0.0s [0m
[?25h[1A[1A[1A[1A[1A[0G[?25l[34m[+] Running 4/4[0m
 [32m✔[0m Container selenium-hub                          [32mRunning[0m[34m0.0s [0m
 [32m✔[0m Container desktopautomationframework-chrome-1   [32mRunning[0m[34m0.0s [0m
 [32m✔[0m Container desktopautomationframework-edge-1     [32mRunning[0m[34m0.0s [0m
 [32m✔[0m Container desktopautomationframework-firefox-1  [32mRunning[0m[34m0.0s [0m
[?25h[1A[1A[1A[1A[1A[0G[?25l[34m[+] Running 4/4[0m
 [32m✔[0m Container selenium-hub                          [32mRunning[0m[34m0.0s [0m
 [32m✔[0m Container desktopautomationframework-chrome-1   [32mRunning[0m[34m0.0s [0m
 [32m✔[0m Container desktopautomationframework-edge-1     [32mRunning[0m[34m0.0s [0m
 [32m✔[0m Container desktopautomationframework-firefox-1  [32mRunning[0m[34m0.0s [0m
[?25h[1A[1A[1A[1A[1A[0G[?25l[34m[+] Running 4/4[0m
 [32m✔[0m Container selenium-hub                          [32mRunning[0m[34m0.0s [0m
 [32m✔[0m Container desktopautomationframework-chrome-1   [32mRunning[0m[34m0.0s [0m
 [32m✔[0m Container desktopautomationframework-edge-1     [32mRunning[0m[34m0.0s [0m
 [32m✔[0m Container desktopautomationframework-firefox-1  [32mRunning[0m[34m0.0s [0m
[?25h[1A[1A[1A[1A[1A[0G[?25l[34m[+] Running 4/4[0m
 [32m✔[0m Container selenium-hub                          [32mRunning[0m[34m0.0s [0m
 [32m✔[0m Container desktopautomationframework-chrome-1   [32mRunning[0m[34m0.0s [0m
 [32m✔[0m Container desktopautomationframework-edge-1     [32mRunning[0m[34m0.0s [0m
 [32m✔[0m Container desktopautomationframework-firefox-1  [32mRunning[0m[34m0.0s [0m
[?25h[1A[1A[1A[1A[1A[0G[?25l[34m[+] Running 4/4[0m
 [32m✔[0m Container selenium-hub                          [32mRunning[0m[34m0.0s [0m
 [32m✔[0m Container desktopautomationframework-chrome-1   [32mRunning[0m[34m0.0s [0m
 [32m✔[0m Container desktopautomationframework-edge-1     [32mRunning[0m[34m0.0s [0m
 [32m✔[0m Container desktopautomationframework-firefox-1  [32mRunning[0m[34m0.0s [0m
[?25h[1A[1A[1A[1A[1A[0G[?25l[34m[+] Running 4/4[0m
 [32m✔[0m Container selenium-hub                          [32mRunning[0m[34m0.0s [0m
 [32m✔[0m Container desktopautomationframework-chrome-1   [32mRunning[0m[34m0.0s [0m
 [32m✔[0m Container desktopautomationframework-edge-1     [32mRunning[0m[34m0.0s [0m
 [32m✔[0m Container desktopautomationframework-firefox-1  [32mRunning[0m[34m0.0s [0m
[?25h[1A[1A[1A[1A[1A[0G[?25l[34m[+] Running 4/4[0m
 [32m✔[0m Container selenium-hub                          [32mRunning[0m[34m0.0s [0m
 [32m✔[0m Container desktopautomationframework-chrome-1   [32mRunning[0m[34m0.0s [0m
 [32m✔[0m Container desktopautomationframework-edge-1     [32mRunning[0m[34m0.0s [0m
 [32m✔[0m Container desktopautomationframework-firefox-1  [32mRunning[0m[34m0.0s [0m
[?25h[1A[1A[1A[1A[1A[0G[?25l[34m[+] Running 4/4[0m
 [32m✔[0m Container selenium-hub                          [32mRunning[0m[34m0.0s [0m
 [32m✔[0m Container desktopautomationframework-chrome-1   [32mRunning[0m[34m0.0s [0m
 [32m✔[0m Container desktopautomationframework-edge-1     [32mRunning[0m[34m0.0s [0m
 [32m✔[0m Container desktopautomationframework-firefox-1  [32mRunning[0m[34m0.0s [0m
[?25h[1A[1A[1A[1A[1A[0G[?25l[34m[+] Running 4/4[0m
 [32m✔[0m Container selenium-hub                          [32mRunning[0m[34m0.0s [0m
 [32m✔[0m Container desktopautomationframework-chrome-1   [32mRunning[0m[34m0.0s [0m
 [32m✔[0m Container desktopautomationframework-edge-1     [32mRunning[0m[34m0.0s [0m
 [32m✔[0m Container desktopautomationframework-firefox-1  [32mRunning[0m[34m0.0s [0m
[?25h[1A[1A[1A[1A[1A[0G[?25l[34m[+] Running 4/4[0m
 [32m✔[0m Container selenium-hub                          [32mRunning[0m[34m0.0s [0m
 [32m✔[0m Container desktopautomationframework-chrome-1   [32mRunning[0m[34m0.0s [0m
 [32m✔[0m Container desktopautomationframework-edge-1     [32mRunning[0m[34m0.0s [0m
 [32m✔[0m Container desktopautomationframework-firefox-1  [32mRunning[0m[34m0.0s [0m
[?25h[1A[1A[1A[1A[1A[0G[?25l[34m[+] Running 4/4[0m
 [32m✔[0m Container selenium-hub                          [32mRunning[0m[34m0.0s [0m
 [32m✔[0m Container desktopautomationframework-chrome-1   [32mRunning[0m[34m0.0s [0m
 [32m✔[0m Container desktopautomationframework-edge-1     [32mRunning[0m[34m0.0s [0m
 [32m✔[0m Container desktopautomationframework-firefox-1  [32mRunning[0m[34m0.0s [0m
[?25h[1A[1A[1A[1A[1A[0G[?25l[34m[+] Running 4/4[0m
 [32m✔[0m Container selenium-hub                          [32mRunning[0m[34m0.0s [0m
 [32m✔[0m Container desktopautomationframework-chrome-1   [32mRunning[0m[34m0.0s [0m
 [32m✔[0m Container desktopautomationframework-edge-1     [32mRunning[0m[34m0.0s [0m
 [32m✔[0m Container desktopautomationframework-firefox-1  [32mRunning[0m[34m0.0s [0m
[?25h[1A[1A[1A[1A[1A[0G[?25l[34m[+] Running 4/4[0m
 [32m✔[0m Container selenium-hub                          [32mRunning[0m[34m0.0s [0m
 [32m✔[0m Container desktopautomationframework-chrome-1   [32mRunning[0m[34m0.0s [0m
 [32m✔[0m Container desktopautomationframework-edge-1     [32mRunning[0m[34m0.0s [0m
 [32m✔[0m Container desktopautomationframework-firefox-1  [32mRunning[0m[34m0.0s [0m
[?25h[1A[1A[1A[1A[1A[0G[?25l[34m[+] Running 4/4[0m
 [32m✔[0m Container selenium-hub                          [32mRunning[0m[34m0.0s [0m
 [32m✔[0m Container desktopautomationframework-chrome-1   [32mRunning[0m[34m0.0s [0m
 [32m✔[0m Container desktopautomationframework-edge-1     [32mRunning[0m[34m0.0s [0m
 [32m✔[0m Container desktopautomationframework-firefox-1  [32mRunning[0m[34m0.0s [0m
[?25h[1A[1A[1A[1A[1A[0G[?25l[34m[+] Running 4/4[0m
 [32m✔[0m Container selenium-hub                          [32mRunning[0m[34m0.0s [0m
 [32m✔[0m Container desktopautomationframework-chrome-1   [32mRunning[0m[34m0.0s [0m
 [32m✔[0m Container desktopautomationframework-edge-1     [32mRunning[0m[34m0.0s [0m
 [32m✔[0m Container desktopautomationframework-firefox-1  [32mRunning[0m[34m0.0s [0m
[?25h[1A[1A[1A[1A[1A[0G[?25l[34m[+] Running 4/4[0m
 [32m✔[0m Container selenium-hub                          [32mRunning[0m[34m0.0s [0m
 [32m✔[0m Container desktopautomationframework-chrome-1   [32mRunning[0m[34m0.0s [0m
 [32m✔[0m Container desktopautomationframework-edge-1     [32mRunning[0m[34m0.0s [0m
 [32m✔[0m Container desktopautomationframework-firefox-1  [32mRunning[0m[34m0.0s [0m
[?25h[1A[1A[1A[1A[1A[0G[?25l[34m[+] Running 4/4[0m
 [32m✔[0m Container selenium-hub                          [32mRunning[0m[34m0.0s [0m
